
 Start         Length     Name                   Class
 0001:00000000 0003AE70H .text                   CODE
 0002:00000000 00000B48H .data                   DATA
 0002:00000B48 00000A41H .bss                    BSS


Detailed map of segments

 0001:00000000 0000506F C=CODE     S=.text    G=(none)   M=System   ACBP=A9
 0001:00005070 000001CC C=CODE     S=.text    G=(none)   M=SysInit  ACBP=A9
 0001:0000523C 00000038 C=CODE     S=.text    G=(none)   M=Types    ACBP=A9
 0001:00005274 000002E4 C=CODE     S=.text    G=(none)   M=Windows  ACBP=A9
 0001:00005558 00000038 C=CODE     S=.text    G=(none)   M=Messages ACBP=A9
 0001:00005590 00000328 C=CODE     S=.text    G=(none)   M=SysConst ACBP=A9
 0001:000058B8 00007310 C=CODE     S=.text    G=(none)   M=SysUtils ACBP=A9
 0001:0000CBC8 00000887 C=CODE     S=.text    G=(none)   M=VarUtils ACBP=A9
 0001:0000D450 0000280E C=CODE     S=.text    G=(none)   M=Variants ACBP=A9
 0001:0000FC60 000000B8 C=CODE     S=.text    G=(none)   M=RTLConsts ACBP=A9
 0001:0000FD18 00000084 C=CODE     S=.text    G=(none)   M=TypInfo  ACBP=A9
 0001:0000FD9C 00000038 C=CODE     S=.text    G=(none)   M=ActiveX  ACBP=A9
 0001:0000FDD4 00004132 C=CODE     S=.text    G=(none)   M=Classes  ACBP=A9
 0001:00013F08 000003DC C=CODE     S=.text    G=(none)   M=ListsU   ACBP=A9
 0001:000142E4 00000050 C=CODE     S=.text    G=(none)   M=MMSystem ACBP=A9
 0001:00014334 000001DC C=CODE     S=.text    G=(none)   M=SyncObjs ACBP=A9
 0001:00014510 00001AD4 C=CODE     S=.text    G=(none)   M=GPHugeF  ACBP=A9
 0001:00015FE4 00000038 C=CODE     S=.text    G=(none)   M=Consts   ACBP=A9
 0001:0001601C 000008B4 C=CODE     S=.text    G=(none)   M=textdata ACBP=A9
 0001:000168D0 00000038 C=CODE     S=.text    G=(none)   M=Math     ACBP=A9
 0001:00016908 00000194 C=CODE     S=.text    G=(none)   M=Contnrs  ACBP=A9
 0001:00016A9C 00000FA0 C=CODE     S=.text    G=(none)   M=uDebug   ACBP=A9
 0001:00017A3C 00000060 C=CODE     S=.text    G=(none)   M=FreeListU ACBP=A9
 0001:00017A9C 00000AFC C=CODE     S=.text    G=(none)   M=logging  ACBP=A9
 0001:00018598 00000040 C=CODE     S=.text    G=(none)   M=SHFolder ACBP=A9
 0001:000185D8 00000B78 C=CODE     S=.text    G=(none)   M=TADemoConsts ACBP=A9
 0001:00019150 00000330 C=CODE     S=.text    G=(none)   M=TextFileU ACBP=A9
 0001:00019480 000019A4 C=CODE     S=.text    G=(none)   M=DPlay    ACBP=A9
 0001:0001AE24 00000124 C=CODE     S=.text    G=(none)   M=DPLobby  ACBP=A9
 0001:0001AF48 00000608 C=CODE     S=.text    G=(none)   M=CommandHandlerU ACBP=A9
 0001:0001B550 000003B4 C=CODE     S=.text    G=(none)   M=MemMappedDataStructure ACBP=A9
 0001:0001B904 00000068 C=CODE     S=.text    G=(none)   M=PacketBufferU ACBP=A9
 0001:0001B96C 000003D0 C=CODE     S=.text    G=(none)   M=log2     ACBP=A9
 0001:0001BD3C 00000068 C=CODE     S=.text    G=(none)   M=IniFiles ACBP=A9
 0001:0001BDA4 00000E10 C=CODE     S=.text    G=(none)   M=Registry ACBP=A9
 0001:0001CBB4 0000176C C=CODE     S=.text    G=(none)   M=packet_old ACBP=A9
 0001:0001E320 000014A8 C=CODE     S=.text    G=(none)   M=PluginEngine ACBP=A9
 0001:0001F7C8 00000144 C=CODE     S=.text    G=(none)   M=TAMemManipulations ACBP=A9
 0001:0001F90C 000005D4 C=CODE     S=.text    G=(none)   M=TA_MemoryLocations ACBP=A9
 0001:0001FEE0 00000038 C=CODE     S=.text    G=(none)   M=TA_FunctionsU ACBP=A9
 0001:0001FF18 000001EC C=CODE     S=.text    G=(none)   M=PluginCommandHandlerU ACBP=A9
 0001:00020104 0000022C C=CODE     S=.text    G=(none)   M=InputHook ACBP=A9
 0001:00020330 0000028C C=CODE     S=.text    G=(none)   M=LOS_Radar ACBP=A9
 0001:000205BC 000000CC C=CODE     S=.text    G=(none)   M=LOS_MiniMapUnits ACBP=A9
 0001:00020688 00000140 C=CODE     S=.text    G=(none)   M=LOS_PlayerSeeUnit ACBP=A9
 0001:000207C8 000001B0 C=CODE     S=.text    G=(none)   M=LOS_GUIText ACBP=A9
 0001:00020978 00000360 C=CODE     S=.text    G=(none)   M=LOS_UpdateTables ACBP=A9
 0001:00020CD8 0000017C C=CODE     S=.text    G=(none)   M=LOS_AllyPlayer ACBP=A9
 0001:00020E54 00000150 C=CODE     S=.text    G=(none)   M=LOS_extensions ACBP=A9
 0001:00020FA4 00000208 C=CODE     S=.text    G=(none)   M=SpeedHack ACBP=A9
 0001:000211AC 00000038 C=CODE     S=.text    G=(none)   M=TA_NetworkingMessages ACBP=A9
 0001:000211E4 00014C64 C=CODE     S=.text    G=(none)   M=idplay   ACBP=A9
 0001:00035E48 000014E0 C=CODE     S=.text    G=(none)   M=PlayerDataU ACBP=A9
 0001:00037328 0000157C C=CODE     S=.text    G=(none)   M=DPLobbyWrapper ACBP=A9
 0001:000388A4 00000B78 C=CODE     S=.text    G=(none)   M=Dplayx_exports ACBP=A9
 0001:0003941C 00000394 C=CODE     S=.text    G=(none)   M=TlHelp32 ACBP=A9
 0001:000397B0 000005B4 C=CODE     S=.text    G=(none)   M=ErrorLog_ExtraData ACBP=A9
 0001:00039D64 0000009C C=CODE     S=.text    G=(none)   M=Thread_marshaller ACBP=A9
 0001:00039E00 00000108 C=CODE     S=.text    G=(none)   M=PauseLock ACBP=A9
 0001:00039F08 000001B0 C=CODE     S=.text    G=(none)   M=UnitLimit ACBP=A9
 0001:0003A0B8 000001D8 C=CODE     S=.text    G=(none)   M=MultiAILimit ACBP=A9
 0001:0003A290 0000035C C=CODE     S=.text    G=(none)   M=COB_extensions ACBP=A9
 0001:0003A5EC 000000B8 C=CODE     S=.text    G=(none)   M=Plugins  ACBP=A9
 0001:0003A6A4 00000400 C=CODE     S=.text    G=(none)   M=InitCode ACBP=A9
 0001:0003AAA4 00000134 C=CODE     S=.text    G=(none)   M=InitCode_CoreExePatching ACBP=A9
 0001:0003ABD8 00000038 C=CODE     S=.text    G=(none)   M=threadlogging ACBP=A9
 0001:0003AC10 0000025D C=CODE     S=.text    G=(none)   M=dplayx   ACBP=A9
 0002:00000000 000000A0 C=DATA     S=.data    G=DGROUP   M=System   ACBP=A9
 0002:000000A0 00000030 C=DATA     S=.data    G=DGROUP   M=SysInit  ACBP=A9
 0002:000000D0 00000250 C=DATA     S=.data    G=DGROUP   M=SysUtils ACBP=A9
 0002:00000320 00000008 C=DATA     S=.data    G=DGROUP   M=VarUtils ACBP=A9
 0002:00000328 00000076 C=DATA     S=.data    G=DGROUP   M=Variants ACBP=A9
 0002:000003A0 0000000C C=DATA     S=.data    G=DGROUP   M=TypInfo  ACBP=A9
 0002:000003AC 00000004 C=DATA     S=.data    G=DGROUP   M=Classes  ACBP=A9
 0002:000003B0 00000020 C=DATA     S=.data    G=DGROUP   M=GPHugeF  ACBP=A9
 0002:000003D0 00000400 C=DATA     S=.data    G=DGROUP   M=textdata ACBP=A9
 0002:000007D0 00000004 C=DATA     S=.data    G=DGROUP   M=uDebug   ACBP=A9
 0002:000007D4 00000004 C=DATA     S=.data    G=DGROUP   M=logging  ACBP=A9
 0002:000007D8 00000049 C=DATA     S=.data    G=DGROUP   M=TADemoConsts ACBP=A9
 0002:00000824 00000020 C=DATA     S=.data    G=DGROUP   M=DPlay    ACBP=A9
 0002:00000844 00000010 C=DATA     S=.data    G=DGROUP   M=DPLobby  ACBP=A9
 0002:00000854 0000002C C=DATA     S=.data    G=DGROUP   M=MemMappedDataStructure ACBP=A9
 0002:00000880 00000008 C=DATA     S=.data    G=DGROUP   M=IniFiles ACBP=A9
 0002:00000888 00000008 C=DATA     S=.data    G=DGROUP   M=Registry ACBP=A9
 0002:00000890 00000005 C=DATA     S=.data    G=DGROUP   M=packet_old ACBP=A9
 0002:00000898 00000007 C=DATA     S=.data    G=DGROUP   M=TA_MemoryLocations ACBP=A9
 0002:000008A0 00000008 C=DATA     S=.data    G=DGROUP   M=TA_FunctionsU ACBP=A9
 0002:000008A8 0000000A C=DATA     S=.data    G=DGROUP   M=SpeedHack ACBP=A9
 0002:000008B4 00000004 C=DATA     S=.data    G=DGROUP   M=idplay   ACBP=A9
 0002:000008B8 00000004 C=DATA     S=.data    G=DGROUP   M=Dplayx_exports ACBP=A9
 0002:000008BC 00000008 C=DATA     S=.data    G=DGROUP   M=PauseLock ACBP=A9
 0002:000008C4 00000005 C=DATA     S=.data    G=DGROUP   M=UnitLimit ACBP=A9
 0002:000008CC 00000008 C=DATA     S=.data    G=DGROUP   M=MultiAILimit ACBP=A9
 0002:000008D4 00000001 C=DATA     S=.data    G=DGROUP   M=COB_extensions ACBP=A9
 0002:00001000 0000065C C=BSS      S=.bss     G=DGROUP   M=System   ACBP=A9
 0002:0000165C 00000014 C=BSS      S=.bss     G=DGROUP   M=SysInit  ACBP=A9
 0002:00001670 00000004 C=BSS      S=.bss     G=DGROUP   M=Types    ACBP=A9
 0002:00001674 00000004 C=BSS      S=.bss     G=DGROUP   M=Windows  ACBP=A9
 0002:00001678 00000004 C=BSS      S=.bss     G=DGROUP   M=Messages ACBP=A9
 0002:0000167C 00000004 C=BSS      S=.bss     G=DGROUP   M=SysConst ACBP=A9
 0002:00001680 00000120 C=BSS      S=.bss     G=DGROUP   M=SysUtils ACBP=A9
 0002:000017A0 0000005C C=BSS      S=.bss     G=DGROUP   M=VarUtils ACBP=A9
 0002:000017FC 00000040 C=BSS      S=.bss     G=DGROUP   M=Variants ACBP=A9
 0002:0000183C 00000004 C=BSS      S=.bss     G=DGROUP   M=RTLConsts ACBP=A9
 0002:00001840 00000004 C=BSS      S=.bss     G=DGROUP   M=TypInfo  ACBP=A9
 0002:00001844 00000004 C=BSS      S=.bss     G=DGROUP   M=ActiveX  ACBP=A9
 0002:00001848 00000034 C=BSS      S=.bss     G=DGROUP   M=Classes  ACBP=A9
 0002:0000187C 00000004 C=BSS      S=.bss     G=DGROUP   M=ListsU   ACBP=A9
 0002:00001880 00000004 C=BSS      S=.bss     G=DGROUP   M=MMSystem ACBP=A9
 0002:00001884 00000004 C=BSS      S=.bss     G=DGROUP   M=SyncObjs ACBP=A9
 0002:00001888 00000004 C=BSS      S=.bss     G=DGROUP   M=GPHugeF  ACBP=A9
 0002:0000188C 00000004 C=BSS      S=.bss     G=DGROUP   M=Consts   ACBP=A9
 0002:00001890 00000004 C=BSS      S=.bss     G=DGROUP   M=textdata ACBP=A9
 0002:00001894 00000004 C=BSS      S=.bss     G=DGROUP   M=Math     ACBP=A9
 0002:00001898 00000004 C=BSS      S=.bss     G=DGROUP   M=Contnrs  ACBP=A9
 0002:0000189C 00000014 C=BSS      S=.bss     G=DGROUP   M=uDebug   ACBP=A9
 0002:000018B0 00000008 C=BSS      S=.bss     G=DGROUP   M=FreeListU ACBP=A9
 0002:000018B8 0000000C C=BSS      S=.bss     G=DGROUP   M=logging  ACBP=A9
 0002:000018C4 00000004 C=BSS      S=.bss     G=DGROUP   M=SHFolder ACBP=A9
 0002:000018C8 00000018 C=BSS      S=.bss     G=DGROUP   M=TADemoConsts ACBP=A9
 0002:000018E0 00000004 C=BSS      S=.bss     G=DGROUP   M=TextFileU ACBP=A9
 0002:000018E4 00000004 C=BSS      S=.bss     G=DGROUP   M=DPlay    ACBP=A9
 0002:000018E8 00000004 C=BSS      S=.bss     G=DGROUP   M=DPLobby  ACBP=A9
 0002:000018EC 00000004 C=BSS      S=.bss     G=DGROUP   M=CommandHandlerU ACBP=A9
 0002:000018F0 00000004 C=BSS      S=.bss     G=DGROUP   M=MemMappedDataStructure ACBP=A9
 0002:000018F4 00000004 C=BSS      S=.bss     G=DGROUP   M=PacketBufferU ACBP=A9
 0002:000018F8 00000004 C=BSS      S=.bss     G=DGROUP   M=log2     ACBP=A9
 0002:000018FC 00000004 C=BSS      S=.bss     G=DGROUP   M=IniFiles ACBP=A9
 0002:00001900 00000004 C=BSS      S=.bss     G=DGROUP   M=Registry ACBP=A9
 0002:00001904 00000004 C=BSS      S=.bss     G=DGROUP   M=packet_old ACBP=A9
 0002:00001908 00000008 C=BSS      S=.bss     G=DGROUP   M=PluginEngine ACBP=A9
 0002:00001910 00000004 C=BSS      S=.bss     G=DGROUP   M=TAMemManipulations ACBP=A9
 0002:00001914 0000000A C=BSS      S=.bss     G=DGROUP   M=TA_MemoryLocations ACBP=A9
 0002:00001920 00000004 C=BSS      S=.bss     G=DGROUP   M=TA_FunctionsU ACBP=A9
 0002:00001924 00000004 C=BSS      S=.bss     G=DGROUP   M=PluginCommandHandlerU ACBP=A9
 0002:00001928 00000008 C=BSS      S=.bss     G=DGROUP   M=InputHook ACBP=A9
 0002:00001930 00000010 C=BSS      S=.bss     G=DGROUP   M=LOS_Radar ACBP=A9
 0002:00001940 00000004 C=BSS      S=.bss     G=DGROUP   M=LOS_MiniMapUnits ACBP=A9
 0002:00001944 00000010 C=BSS      S=.bss     G=DGROUP   M=LOS_PlayerSeeUnit ACBP=A9
 0002:00001954 00000004 C=BSS      S=.bss     G=DGROUP   M=LOS_GUIText ACBP=A9
 0002:00001958 00000010 C=BSS      S=.bss     G=DGROUP   M=LOS_UpdateTables ACBP=A9
 0002:00001968 00000008 C=BSS      S=.bss     G=DGROUP   M=LOS_AllyPlayer ACBP=A9
 0002:00001970 00000008 C=BSS      S=.bss     G=DGROUP   M=LOS_extensions ACBP=A9
 0002:00001978 00000004 C=BSS      S=.bss     G=DGROUP   M=SpeedHack ACBP=A9
 0002:0000197C 00000004 C=BSS      S=.bss     G=DGROUP   M=TA_NetworkingMessages ACBP=A9
 0002:00001980 0000000C C=BSS      S=.bss     G=DGROUP   M=idplay   ACBP=A9
 0002:0000198C 00000004 C=BSS      S=.bss     G=DGROUP   M=PlayerDataU ACBP=A9
 0002:00001990 00000004 C=BSS      S=.bss     G=DGROUP   M=DPLobbyWrapper ACBP=A9
 0002:00001994 00000028 C=BSS      S=.bss     G=DGROUP   M=Dplayx_exports ACBP=A9
 0002:000019BC 00000048 C=BSS      S=.bss     G=DGROUP   M=TlHelp32 ACBP=A9
 0002:00001A04 00000004 C=BSS      S=.bss     G=DGROUP   M=ErrorLog_ExtraData ACBP=A9
 0002:00001A08 00000004 C=BSS      S=.bss     G=DGROUP   M=Thread_marshaller ACBP=A9
 0002:00001A0C 00000004 C=BSS      S=.bss     G=DGROUP   M=PauseLock ACBP=A9
 0002:00001A10 00000004 C=BSS      S=.bss     G=DGROUP   M=UnitLimit ACBP=A9
 0002:00001A14 00000004 C=BSS      S=.bss     G=DGROUP   M=MultiAILimit ACBP=A9
 0002:00001A18 00000004 C=BSS      S=.bss     G=DGROUP   M=COB_extensions ACBP=A9
 0002:00001A1C 00000004 C=BSS      S=.bss     G=DGROUP   M=Plugins  ACBP=A9
 0002:00001A20 00000008 C=BSS      S=.bss     G=DGROUP   M=InitCode ACBP=A9
 0002:00001A28 00000014 C=BSS      S=.bss     G=DGROUP   M=InitCode_CoreExePatching ACBP=A9
 0002:00001A3C 00000004 C=BSS      S=.bss     G=DGROUP   M=threadlogging ACBP=A9


  Address         Publics by Name

 0002:000018AC       .1
 0002:00001890       .1
 0002:0000188C       .1
 0002:00001A28       .1
 0002:00001670       .1
 0002:000018B4       .1
 0002:000018C4       .1
 0002:00001A1C       .1
 0002:000018E4       .1
 0002:000018E8       .1
 0002:0000183C       .1
 0002:000018F0       .1
 0002:00001910       .1
 0002:00001A18       .1
 0002:00001920       .1
 0002:00001678       .1
 0002:0000192C       .1
 0002:0000193C       .1
 0002:00001940       .1
 0002:00001A14       .1
 0002:00001A10       .1
 0002:00001A0C       .1
 0002:00001A08       .1
 0002:00001A04       .1
 0002:0000167C       .1
 0002:000019BC       .1
 0002:00001950       .1
 0002:00001954       .1
 0002:00001964       .1
 0002:00001668       .1
 0002:0000196C       .1
 0002:00001974       .1
 0002:00001978       .1
 0002:000019A0       .1
 0002:00001A3C       .1
 0002:0000197C       .2
 0002:00001990       .2
 0002:000018F8       .2
 0002:00001A20       .2
 0002:000018C0       .2
 0002:00001894       .2
 0002:00001904       .2
 0002:000018CC       .2
 0002:000018E0       .2
 0002:00001898       .21
 0002:000018EC       .3
 0002:00001844       .3
 0002:000018F4       .3
 0002:00001924       .3
 0002:00001674       .3
 0002:00001790       .35
 0002:0000198C       .4
 0002:00001918       .4
 0002:00001850       .45
 0002:000017F8       .5
 0002:000015B4       .5
 0002:00001888       .5
 0002:00001900       .5
 0002:00001988       .6
 0002:00001840       .6
 0002:00001884       .6
 0002:00001908       .6
 0002:00001880       .7
 0002:000018FC       .8
 0002:0000181C       .81
 0002:0000187C       .9
 0001:00001A0C       @AbstractError
 0001:00002A78       @AfterConstruction
 0001:000034B0       @Assert
 0001:00001CF0       @Assign
 0001:00001E4C       @AStrCmp
 0001:00002A88       @BeforeDestruction
 0001:00002738       @BoundErr
 0001:000029B8       @CallDynaInst
 0001:00002A20       @ClassCreate
 0001:00002A70       @ClassDestroy
 0001:00001DB8       @Close
 0001:000017D0       @Copy
 0001:0000405C       @CopyArray
 0001:00003F40       @CopyRecord
 0001:00004150       @DispCallByIDError
 0001:0000DEF0       @DispInvokeError
 0001:00002F04       @DoneExcept
 0001:00004380       @DynArrayAsg
 0001:00004344       @DynArrayClear
 0001:00004184       @DynArrayHigh
 0001:0000417C       @DynArrayLength
 0001:00004338       @DynArraySetLength
 0001:00001EBC       @EofText
 0001:00002FEC       @ExceptionHandler
 0001:00001EF4       @FillChar
 0001:00003F1C       @Finalize
 0001:00003E30       @FinalizeArray
 0001:00003DE4       @FinalizeRecord
 0001:00001DAC       @Flush
 0001:0000272C       @FpuInit
 0001:00002668       @FpuMaskInit
 0001:000016AC       @FreeMem
 0001:0000168C       @GetMem
 0001:00005170       @GetTls
 0001:00003498       @Halt
 0001:000033C0       @Halt0
 0001:00002B9C       @HandleAnyException
 0001:00002E50       @HandleFinally
 0001:00002CC8       @HandleOnException
 0001:00003284       @InitImports
 0001:000051BC       @InitLib
 0001:0000325C       @InitResStringImports
 0001:00004A2C       @IntfAddRef
 0001:000049E8       @IntfClear
 0001:00004A00       @IntfCopy
 0001:00002740       @IntOver
 0001:00002964       @IsClass
 0001:00002638       @isNECWindows
 0001:0000395C       @LStrAddRef
 0001:000034F4       @LStrArrayClr
 0001:00003524       @LStrAsg
 0001:00003774       @LStrCat
 0001:000037B8       @LStrCat3
 0001:0000382C       @LStrCatN
 0001:000034D0       @LStrClr
 0001:000038B8       @LStrCmp
 0001:000039CC       @LStrCopy
 0001:00003A0C       @LStrDelete
 0001:00003740       @LStrFromArray
 0001:000036B8       @LStrFromChar
 0001:000036C8       @LStrFromPChar
 0001:000035C0       @LStrFromPCharLen
 0001:000036F8       @LStrFromPWChar
 0001:0000362C       @LStrFromPWCharLen
 0001:00003734       @LStrFromString
 0001:00003758       @LStrFromWStr
 0001:00003568       @LStrLAsg
 0001:0000376C       @LStrLen
 0001:00003A54       @LStrPos
 0001:00003A9C       @LStrSetLength
 0001:0000396C       @LStrToPChar
 0001:00003594       @NewAnsiString
 0001:00003B30       @NewWideString
 0001:0000234C       @Pow10
 0001:00001E40       @PStrCpy
 0001:00001E10       @PStrNCat
 0001:00002EB0       @RaiseAgain
 0001:00002E88       @RaiseExcept
 0001:00001F14       @RandInt
 0001:00001F6C       @ReadChar
 0001:000020D0       @ReadLn
 0001:00002064       @ReadLString
 0001:00002058       @ReadString
 0001:000016CC       @ReallocMem
 0001:00001A80       @ResetText
 0001:00001A8C       @RewritText
 0001:000034A4       @RunError
 0001:00002330       @SetEq
 0001:00003194       @StartLib
 0001:0000025C       @strlen
 0001:000019E8       @TRUNC
 0001:00002F34       @TryFinallyExit
 0001:000039C4       @UniqueStringA
 0001:00002100       @ValLong
 0001:0000F4A4       @VarAddRef
 0001:0000E1C8       @VarClear
 0001:00003E18       @VarClr
 0001:0000E1DC       @VarClr
 0001:0000E4F0       @VarCopy
 0001:00003F28       @VarCopy
 0001:0000E81C       @VarToLStr
 0001:0000EF44       @VarToWStr
 0001:00003B00       @Write0LString
 0001:00002218       @WriteBytes
 0001:000022E8       @WriteLn
 0001:00003B08       @WriteLString
 0001:0000226C       @WriteSpaces
 0001:00003B70       @WStrArrayClr
 0001:00003B94       @WStrAsg
 0001:00003B58       @WStrClr
 0001:00003CD0       @WStrCmp
 0001:00003D54       @WStrCopy
 0001:00003CA4       @WStrFromLStr
 0001:00003BB8       @WStrFromPCharLen
 0001:00003C68       @WStrFromPWChar
 0001:00003C44       @WStrFromPWCharLen
 0001:00003CC4       @WStrLen
 0001:00003DA0       @WStrSetLength
 0001:00003CB4       @WStrToPWChar
 0001:000017A0       @_IOTest
 0001:00004158       @_llmul
 0001:0000AC34       AbstractErrorHandler
 0002:00001028       AbstractErrorProc
 0002:00000150       AccessMode
 0002:0000080C       AccessMode
 0001:0000FDCC       ActiveX
 0001:00000398       AddBlockAfter
 0001:0001B570       AddCheatDescription
 0001:000172D8       AddLineNo
 0001:0000488C       AddModuleUnloadProc
 0001:0000487C       AddModuleUnloadProc
 0001:00017124       AddProcedure
 0001:00016F40       AddUnit
 0002:000008D0       AIName
 0002:00001968       AlliedStateChanged
 0001:000064C0       AllocMem
 0002:000015AC       AllocMemCount
 0002:000015B0       AllocMemSize
 0001:000050A0       AllocTlsBuffer
 0001:00006680       AnsiCompareStr
 0001:000066CC       AnsiCompareText
 0001:00006638       AnsiLowerCase
 0001:0000B774       AnsiPos
 0001:00006718       AnsiSameText
 0001:0000B7C0       AnsiStrPos
 0001:0000B898       AnsiStrRScan
 0001:0000B8E8       AnsiStrScan
 0001:00004E2C       AnsiToUtf8
 0001:000086EC       AppendChars
 0001:00008B0C       AppendFormat
 0001:00008770       AppendNumber
 0001:0000874C       AppendString
 0001:0000ABFC       AssertErrorHandler
 0002:00001020       AssertErrorProc
 0002:00001604       avail
 0001:00007230       BackfillGetDiskFreeSpaceEx
 0001:0000CEA0       BackupVarBoolFromStr
 0001:0000D01C       BackupVarBStrFromBool
 0001:0000CF24       BackupVarBStrFromCy
 0001:0000CFA0       BackupVarBStrFromDate
 0001:0000CE2C       BackupVarCyFromStr
 0001:0000CDB8       BackupVarDateFromStr
 0001:0000CC5C       BackupVarI4FromStr
 0001:0000CBE8       BackupVariantChangeTypeEx
 0001:0000CCD0       BackupVarR4FromStr
 0001:0000CD44       BackupVarR8FromStr
 0001:0003A0D4       BetterAIName
 0001:0003A15C       BetterAINameStub
 0001:0001660C       BinToInt
 0001:0000CC34       BiUnimplemented
 0002:000015DC       blockDescBlockList
 0002:000015E0       blockDescFreeList
 0002:000003A0       BooleanIdents
 0002:00000330       BooleanToStringRule
 0001:00006BE4       BoolToStr
 0001:0000E5A4       BoolToWStrViaOS
 0002:00000898       BoolValues
 0001:0000B2F4       ByteToCharIndex
 0001:0000B2B8       ByteToCharLen
 0001:0000B254       ByteType
 0001:0000B1A8       ByteTypeTest
 0002:0000191C       CacheUsed
 0001:000167D4       CalcCRC
 0002:00001814       ChangeAnyProc
 0001:00006FFC       ChangeFileExt
 0001:000035F0       CharFromWChar
 0001:0000B56C       CharLength
 0001:000054D4       CharLowerBuff
 0001:000001D4       CharNext
 0001:000054DC       CharNext
 0001:0000B430       CharToByteIndex
 0001:0000B4A8       CharToByteLen
 0001:000054E4       CharToOemA
 0002:00001984       chatview
 0001:0001B550       CheatEnabled
 0002:0000086C       Cheat_BiuldAnywhere
 0002:00000868       Cheat_ControlMenu
 0002:0000087C       Cheat_ExtraDamage
 0002:0000085C       Cheat_FastBiuld
 0002:00000860       Cheat_InfiniteResources
 0002:00000870       Cheat_InstantCapture
 0002:00000858       Cheat_Invisible
 0002:00000854       Cheat_Invulnerabilety
 0002:00000878       Cheat_JamAll
 0002:00000864       Cheat_LosRadar
 0002:00000874       Cheat_SpecialMove
 0001:00002B18       CheckJmp
 0002:00000334       CInvalidCustomVariantType
 0001:00013E74       Classes
 0001:000176A0       CleanUpMapFile
 0002:00001810       ClearAnyProc
 0001:0000F7E0       ClearVariantTypeList
 0001:00000174       CloseHandle
 0001:000052A4       CloseHandle
 0002:0000103C       CmdLine
 0002:00001038       CmdShow
 0001:0000CC48       CmpUnimplemented
 0001:0003A5E4       COB_extensions
 0001:0003A534       COB_Extensions_Handling
 0002:00001A2C       CodeInjectionData
 0001:0001B548       CommandHandlerU
 0001:00000678       Commit
 0002:00001620       committedRoot
 0001:00025EAC       compare
 0001:00016CB0       CompareHeaders
 0001:000052AC       CompareString
 0001:000065C0       CompareText
 0001:00006AE8       CompareWith
 0001:000188EC       Compress
 0001:000145D4       Compress
 0001:00016014       Consts
 0001:00016A94       Contnrs
 0001:0000A490       ConvertAddr
 0001:00008870       ConvertEraString
 0001:00006470       ConvertError
 0001:00006490       ConvertErrorFmt
 0001:000089F4       ConvertYearString
 0001:0000418C       CopyArray
 0001:000052B4       CopyFile
 0001:0000B378       CountChars
 0001:0001679C       CRC32
 0002:000003D0       CRC32tab
 0001:0000AB34       CreateAssertException
 0001:0000AD30       CreateAVObject
 0001:000072B0       CreateDir
 0001:000052BC       CreateDirectory
 0001:000052C4       CreateEvent
 0001:000052CC       CreateFile
 0001:0000017C       CreateFileA
 0001:000052D4       CreateFileMapping
 0001:0000AA20       CreateInOutError
 0001:000396DC       CreateToolhelp32Snapshot
 0002:0000038C       CRelationshipToBoolean
 0002:00000320       CResult
 0002:00000148       cSimpleBoolStrs
 0002:00000338       CText
 0002:00001618       curAlloc
 0002:00001688       CurrencyDecimals
 0002:00001684       CurrencyFormat
 0002:00001680       CurrencyString
 0001:000086CC       CurrentYear
 0001:000080A0       CurrToStr
 0001:0000E534       CurrToWStrViaOS
 0001:0003A340       CustomGetters
 0001:00006800       CvtInt
 0001:0000686C       CvtInt64
 0002:00000188       CWNear
 0001:00016470       DataToStr
 0001:0001601C       DataToStr2
 0001:0001BF84       DataTypeToRegData
 0001:00008658       Date
 0002:00001689       DateSeparator
 0001:000093C0       DateTimeToStr
 0001:00009314       DateTimeToString
 0001:00008190       DateTimeToTimeStamp
 0001:00009380       DateToStr
 0001:0000E56C       DateToWStrViaOS
 0001:00008628       DayOfWeek
 0002:00000184       DCon10
 0002:00000028       DebugHook
 0002:00001687       DecimalSeparator
 0001:000085F8       DecodeDate
 0001:0000847C       DecodeDateFully
 0001:00008298       DecodeTime
 0001:0000070C       Decommit
 0001:00000D28       DecommitFree
 0002:000015F4       decommittedRoot
 0002:00000890       DecompressionBufferSize
 0002:00000024       Default8087CW
 0002:00000034       DefaultTextLineBreakStyle
 0002:000015B8       DefaultUserCodePage
 0002:00000214       DefLongDayNames
 0002:000001C8       DefLongMonthNames
 0002:000001F8       DefShortDayNames
 0002:00000198       DefShortMonthNames
 0002:000007D8       Deities
 0001:000043D0       DelayLoadResourceModule
 0001:000003C8       DeleteBlock
 0001:000052DC       DeleteCriticalSection
 0001:00000338       DeleteCriticalSection
 0001:000052E4       DeleteFile
 0001:00000B70       DeleteFree
 0001:000052EC       DeviceIoControl
 0002:00000090       dig
 0001:00006E54       DirectoryExists
 0001:00038C34       DirectPlayCreate
 0002:000019B0       DirectPlayCreate_proc
 0001:0003893C       DirectPlayEnumerate
 0001:00038A34       DirectPlayEnumerateA
 0002:000019A8       DirectPlayEnumerateA_proc
 0001:00038B34       DirectPlayEnumerateW
 0002:000019AC       DirectPlayEnumerateW_proc
 0002:000019A4       DirectPlayEnumerate_proc
 0001:00038FDC       DirectPlayLobbyCreateA
 0002:000019B8       DirectPlayLobbyCreateA_proc
 0001:00038E9C       DirectPlayLobbyCreateW
 0002:000019B4       DirectPlayLobbyCreateW_proc
 0001:0002DBC8       DirectPlay_PlayerPoll
 0001:0003A6A4       DisableThreadLibraryCalls
 0002:00001000       DispCallByIDProc
 0001:00006454       DivMod
 0001:00039230       DllCanUnloadNow
 0001:000392D0       DllGetClassObject
 0002:00001664       DllProc
 0002:00001998       DoFinalize
 0002:00001994       DoInitialize
 0002:000008A4       DoInterpretCommand
 0001:0000B0A4       DoneExceptions
 0001:00013D18       DoneThreadSynchronization
 0001:0001FA24       DoReport
 0002:000003A8       DotSep
 0001:0001165C       DoWrite
 0001:0003A5EC       Do_LoadTime_CodeInjections
 0001:0001AE1C       DPlay
 0001:0003AE58       dplayx
 0001:000388A4       DPlayxHandleInvalid
 0002:000008B8       dplayxLibHandle
 0001:000393E8       Dplayx_exports
 0001:0001AF40       DPLobby
 0001:0003889C       DPLobbyWrapper
 0001:000041A4       DynArrayClear
 0001:000041AC       DynArraySetLength
 0001:0000A9E4       EHeapException.FreeInstance
 0001:00014740       Elapsed
 0002:000017FC       EmptyParam
 0002:000000D0       EmptyStr
 0002:000000D4       EmptyWideStr
 0001:00008440       EncodeDate
 0001:00008254       EncodeTime
 0001:000052F4       EnterCriticalSection
 0001:00000328       EnterCriticalSection
 0001:000052FC       EnumCalendarInfoA
 0001:0000A050       EnumEraNames
 0001:0000A09C       EnumEraYearOffsets
 0002:00001750       EraNames
 0001:000096EC       EraToYear
 0002:0000176C       EraYearOffsets
 0002:00000068       errCaption
 0001:00001794       Error
 0002:00000004       ErrorAddr
 0001:00001748       ErrorAt
 0001:0000AAC4       ErrorHandler
 0001:00039D5C       ErrorLog_ExtraData
 0001:00039D18       Errorlog_Thunk1
 0001:000399D4       Errorlog_Thunk2
 0002:00000230       ErrorMap
 0002:00001008       ErrorProc
 0001:0001954C       ErrorString
 0002:000013E0       ErrOutput
 0001:0000171C       ExceptAddr
 0002:0000100C       ExceptClsProc
 0001:0000AFF4       ExceptHandler
 0001:0000A734       Exception.Create
 0001:0000A77C       Exception.CreateFmt
 0001:0000A94C       Exception.CreateFmtHelp
 0001:0000A8F8       Exception.CreateHelp
 0001:0000A80C       Exception.CreateRes
 0001:0000A854       Exception.CreateResFmt
 0002:0000101C       ExceptionClass
 0001:0000A4A0       ExceptionErrorMessage
 0002:00000268       ExceptMap
 0002:00001010       ExceptObjProc
 0002:00001004       ExceptProc
 0001:0000B728       ExcludeTrailingPathDelimiter
 0002:00000000       ExitCode
 0001:00003304       ExitDll
 0002:00001040       ExitProc
 0001:000001DC       ExitProcess
 0002:00001024       ExitProcessProc
 0001:0000514C       ExitProcessTLS
 0001:00005124       ExitThreadTLS
 0001:000071EC       ExpandFileName
 0002:0000089C       ExpectedData
 0001:000070DC       ExtractFileDir
 0001:0000718C       ExtractFileExt
 0001:00007148       ExtractFileName
 0001:0000709C       ExtractFilePath
 0002:0000178C       FalseBoolStrs
 0002:00000178       FCon1E18
 0001:00006DC4       FileAge
 0001:00006DB0       FileClose
 0001:00006CE4       FileCreate
 0001:00006CB0       FileCreate
 0001:00006E34       FileExists
 0002:0000081C       FileFlags
 0002:0000000C       FileMode
 0001:00001AD4       FileNOPProc
 0001:00006C40       FileOpen
 0001:00006D04       FileRead
 0001:00006D74       FileSeek
 0001:00005304       FileTimeToDosDateTime
 0001:0000530C       FileTimeToLocalFileTime
 0001:00006D3C       FileWrite
 0002:000003B0       FILE_SHARING_ERRORS
 0001:00000C58       FillAfterGap
 0001:00000C04       FillBeforeGap
 0001:00000CF0       FillerSizeAfterGap
 0001:00000C80       FillerSizeBeforeGap
 0001:0003A080       Finalization
 0001:00017A64       Finalization
 0001:0000FB3C       Finalization
 0001:000179F8       Finalization
 0001:0003A66C       Finalization
 0001:0000FCE0       Finalization
 0001:0000FD44       Finalization
 0001:0000FD9C       Finalization
 0001:000202F8       Finalization
 0001:000200CC       Finalization
 0001:0003A5B4       Finalization
 0001:000211AC       Finalization
 0001:00016A64       Finalization
 0001:00020CA0       Finalization
 0001:000168D0       Finalization
 0001:00016898       Finalization
 0001:00021174       Finalization
 0001:00015FE4       Finalization
 0001:0001CB64       Finalization
 0001:0003A24C       Finalization
 0001:000144D8       Finalization
 0001:000142FC       Finalization
 0001:00020E1C       Finalization
 0001:000142AC       Finalization
 0001:00013DC4       Finalization
 0001:00004F48       Finalization
 0001:00020F6C       Finalization
 0001:00020940       Finalization
 0001:0001854C       Finalization
 0001:000185A0       Finalization
 0001:0000D40C       Finalization
 0001:00035E04       Finalization
 0001:000372F0       Finalization
 0001:0003886C       Finalization
 0001:00039ED0       Finalization
 0001:0000C9C8       Finalization
 0001:000393B8       Finalization
 0001:00005880       Finalization
 0001:00039778       Finalization
 0001:00005558       Finalization
 0001:0003AA4C       Finalization
 0001:00005520       Finalization
 0001:00039D2C       Finalization
 0001:000190EC       Finalization
 0001:00039DC8       Finalization
 0001:00005204       Finalization
 0001:0001FEE0       Finalization
 0001:0000523C       Finalization
 0001:00019448       Finalization
 0001:00020584       Finalization
 0001:0001ADEC       Finalization
 0001:0003AB58       Finalization
 0001:0001AF10       Finalization
 0001:0003ABD8       Finalization
 0001:0001B518       Finalization
 0001:0003AC10       Finalization
 0001:00020790       Finalization
 0001:0001FEA8       Finalization
 0001:0001E2E8       Finalization
 0001:0001B8CC       Finalization
 0001:0001B934       Finalization
 0001:0001F780       Finalization
 0001:0001F8D4       Finalization
 0001:0001BD04       Finalization
 0001:00015FAC       Finalization
 0001:0001BD54       Finalization
 0001:00020650       Finalization
 0001:0000419C       FinalizeArray
 0001:000030D4       FinalizeUnits
 0001:00004440       FindBS
 0001:00005314       FindClose
 0001:000001EC       FindClose
 0001:00000BD4       FindCommitted
 0001:0000FA84       FindCustomVariantType
 0001:000001F4       FindFirstFile
 0001:0000531C       FindFirstFile
 0002:0000185C       FindGlobalComponentProcs
 0001:000043A8       FindHInstance
 0001:00031DA8       FindHostPlayer
 0001:0000D0BC       FindProc
 0001:00004418       FindResourceHInstance
 0002:000018D0       fIsWin9x
 0001:000166B4       FixPath
 0002:0000179C       FLanguages
 0001:00007D30       FloatToDecimal
 0001:00008070       FloatToStr
 0001:00007A5C       FloatToText
 0001:00001DA0       Flush
 0001:00005324       FlushFileBuffers
 0001:0000532C       FlushInstructionCache
 0002:0000018C       FMSecsPerDay
 0001:0000793C       FmtStr
 0001:00006E8C       ForceDirectories
 0002:00000194       Format
 0001:00007914       Format
 0001:00007544       FormatBuf
 0001:00007530       FormatClearStr
 0001:00007490       FormatError
 0002:00000170       FormatErrorStrs
 0001:00005334       FormatMessage
 0001:000074F8       FormatVarToStr
 0001:00002344       FPower10
 0001:0000C6D4       FreeAndNil
 0001:00000940       FreeCommitted
 0001:00000E60       FreeCurAlloc
 0001:00013D34       FreeIntConstList
 0001:000001FC       FreeLibrary
 0001:0000533C       FreeLibrary
 0001:00017A94       FreeListU
 0001:000005C0       FreeSpace
 0001:0000C074       FreeTerminateProcs
 0002:00000820       fVersionLazyInited
 0001:00020620       GameUnit_LOS_MiniMap_UnitsProjectiles_IsOwner
 0001:00020784       GameUnit_LOS_PlayerSeeUnit_EpilogCode_Exit
 0001:00020730       GameUnit_LOS_PlayerSeeUnit_IsOwnerAllowedToSee
 0001:00020410       GameUnit_LOS_Radar_CanDirectlySeeUnit
 0001:000204C4       GameUnit_LOS_Radar_LoopCondition
 0001:0002046C       GameUnit_LOS_Radar_LoopStart
 0001:00020AD0       GameUnit_LOS_Update_1_Retry
 0001:00020AB4       GameUnit_LOS_Update_1_Start
 0001:00020BBC       GameUnit_LOS_Update_2_Retry
 0001:00020BA0       GameUnit_LOS_Update_2_Start
 0002:000008A0       Game_SetLOSState
 0002:0000199C       gdwDPlaySPRefCount
 0001:00005344       GetACP
 0001:00000340       GetBlockDesc
 0001:000161EC       GetChar
 0001:000002DC       GetCmdShow
 0001:00020330       GetCodeInjections
 0001:000205BC       GetCodeInjections
 0001:00020688       GetCodeInjections
 0001:00020CD8       GetCodeInjections
 0001:00020978       GetCodeInjections
 0001:000207C8       GetCodeInjections
 0001:00000204       GetCommandLine
 0001:0000078C       GetCommitted
 0001:0000081C       GetCommittedAt
 0001:000087C0       GetCount
 0001:0000534C       GetCPInfo
 0001:00005354       GetCurrentProcess
 0001:0000535C       GetCurrentThreadId
 0001:000002BC       GetCurrentThreadId
 0001:000087F8       GetDate
 0001:00005364       GetDateFormat
 0001:000095B8       GetDateOrder
 0001:0000536C       GetDiskFreeSpaceA
 0002:00000144       GetDiskFreeSpaceEx
 0001:00002988       GetDynaMethod
 0001:0000A128       GetEraNamesAndYearOffsets
 0001:00009688       GetEraYearOffset
 0001:0000AD04       GetExceptionClass
 0001:0000AF14       GetExceptionObject
 0001:00005374       GetFileAttributes
 0001:0000018C       GetFileSize
 0001:0000537C       GetFileSize
 0001:00000184       GetFileType
 0001:00018F8C       GetFileVersion
 0001:000054BC       GetFileVersionInfo
 0001:000054C4       GetFileVersionInfoSize
 0001:00018D80       GetFileVersion_internal
 0001:0000BC08       GetFormatSettings
 0001:00005384       GetFullPathName
 0001:00002630       GetKeyboardType
 0001:0000538C       GetLastError
 0001:0000020C       GetLastError
 0001:000177B8       GetLineNumberFromAddress
 0001:00009E9C       GetLocaleChar
 0001:00000214       GetLocaleInfo
 0001:0000539C       GetLocaleInfo
 0001:00009E40       GetLocaleStr
 0001:00005394       GetLocalTime
 0001:000179AC       GetMapAddressFromAddress
 0001:000178B4       GetMapFileName
 0001:000053A4       GetModuleFileName
 0001:0000021C       GetModuleFileName
 0001:000053AC       GetModuleHandle
 0001:00000224       GetModuleHandle
 0001:000176CC       GetModuleNameFromAddress
 0001:00009F1C       GetMonthDayNames
 0001:000186C0       GetMyDocs
 0001:00001874       GetParamStr
 0001:0003A298       GetPlugin
 0001:00020FC8       GetPlugin
 0001:00039E08       GetPlugin
 0001:000397B8       GetPlugin
 0001:00020EB4       GetPlugin
 0001:00039F10       GetPlugin
 0001:00039D6C       GetPlugin
 0001:00020298       GetPlugin
 0001:0003A178       GetPlugin
 0001:0000022C       GetProcAddress
 0001:000053B4       GetProcAddress
 0001:00017748       GetProcNameFromAddress
 0001:000004E4       GetSpace
 0001:00000548       GetSpaceAt
 0001:00000234       GetStartupInfo
 0001:000053BC       GetStdHandle
 0001:00000194       GetStdHandle
 0001:000053C4       GetStringTypeEx
 0001:00018720       GetSysDir
 0001:000053CC       GetSystemDirectory
 0001:000053D4       GetSystemInfo
 0001:000054EC       GetSystemMetrics
 0001:00019074       GetTADemoVersion
 0001:000053DC       GetTempFileName
 0001:000053E4       GetTempPath
 0001:0000023C       GetThreadLocale
 0001:000053EC       GetThreadLocale
 0001:000053F4       GetTickCount
 0001:000002D4       GetTickCount
 0001:00008830       GetTime
 0001:000050AC       GetTlsSize
 0001:000002C4       GetVersion
 0001:000053FC       GetVersionEx
 0001:00005404       GetVolumeInformation
 0001:00018860       GetVolumePathName
 0002:00001860       GlobalFixupList
 0002:00001848       GlobalNameSpace
 0001:00015FDC       GPHugeF
 0002:000015C0       heapErrorCode
 0002:000015C4       heapLock
 0002:00000140       HexDisplayPrefix
 0002:00001660       HInstance
 0001:00005504       HiWord
 0001:00035E40       idplay
 0002:00000834       IID_IDirectPlay
 0002:00000824       IID_IDirectPlay3
 0002:00000844       IID_IDirectPlayLobby2
 0002:00000190       IMSecsPerDay
 0001:0000E1E4       InBounds
 0001:0000DF44       InBounds
 0001:0000B6B8       IncludeTrailingBackslash
 0001:0000B6D4       IncludeTrailingPathDelimiter
 0001:0000E214       Increment
 0001:0000DF74       Increment
 0001:0001BD9C       IniFiles
 0001:000009CC       InitAllocator
 0001:0003AA7C       InitCode
 0001:0003AB88       InitCode_CoreExePatching
 0002:00001630       InitContext
 0001:0000C0A8       InitDriveSpacePtr
 0001:0000B01C       InitExceptions
 0001:00000320       InitializeCriticalSection
 0001:0000540C       InitializeCriticalSection
 0002:000015BC       initialized
 0001:000051B0       InitializeModule
 0001:0000D100       InitializeVarUtils
 0001:0000B9B8       InitLeadBytes
 0001:0000B128       InitPlatformId
 0001:000050F8       InitProcessTLS
 0001:0000BA5C       InitSysLocale
 0001:00013CE0       InitThreadSynchronization
 0001:000050B4       InitThreadTLS
 0001:0003AB4C       InitThunk_Stage1
 0001:0003AACC       InitThunk_Stage2
 0001:0003941C       InitToolHelp
 0001:00003134       InitUnits
 0002:00001048       Input
 0001:00020104       InputHandler
 0001:00020328       InputHook
 0001:00000DD8       InsertFree
 0001:0001F458       InstallPlugins
 0002:00001854       IntConstList
 0001:0000C118       InterlockedDecrement
 0001:000002B4       InterlockedDecrement
 0001:0000C124       InterlockedExchange
 0001:0000C12C       InterlockedExchangeAdd
 0001:0000C10C       InterlockedIncrement
 0001:000002AC       InterlockedIncrement
 0001:00001B14       InternalClose
 0001:00001D58       InternalFlush
 0001:00000C34       InternalFreeMem
 0001:00003978       InternalUniqueString
 0001:00006988       IntToHex
 0001:00006960       IntToHex
 0001:0000684C       IntToStr
 0001:00006938       IntToStr
 0002:00001798       InvalidPointer
 0001:0000285C       InvokeImplGetter
 0001:00001814       IOResult
 0001:00005414       IsBadReadPtr
 0002:00001044       IsConsole
 0001:0000B65C       IsDelimiter
 0001:000082F8       IsLeapYear
 0002:00001034       IsLibrary
 0002:00001045       IsMultiThread
 0001:0000B610       IsPathDelimiter
 0001:0001BF0C       IsRelative
 0001:00016160       IsStrBool
 0001:000160D0       IsStrByte
 0001:0001B808       IsTAHookRunning
 0001:0001FA0C       IsTAVersion31
 0002:0000191D       IsTAVersion31_Cache
 0001:0000BA38       IsWesternGroup
 0001:00018800       IsWin9x
 0002:0000002C       JITEnable
 0002:000019C0       KernelHandle
 0002:000018C8       kernellib
 0001:00006F8C       LastDelimiter
 0001:0000B940       LCIDToCodePage
 0001:00004ED4       LCIDToCodePage
 0002:00000120       LeadBytes
 0001:0000541C       LeaveCriticalSection
 0001:00000330       LeaveCriticalSection
 0002:00000038       LibModuleList
 0001:0003AAA4       LibraryProc
 0002:000018A4       LineNumbers
 0001:0001B5C4       ListCheats
 0002:0000174E       ListSeparator
 0001:000142DC       ListsU
 0001:00017448       LoadAndParseMapFile
 0001:00005424       LoadLibrary
 0001:00000244       LoadLibraryEx
 0001:0000460C       LoadResourceModule
 0001:00004E7C       LoadResString
 0001:0000024C       LoadString
 0001:000054F4       LoadString
 0001:00005070       LocalAlloc
 0001:00000300       LocalAlloc
 0001:00005078       LocalFree
 0001:00000308       LocalFree
 0001:00009ED8       LocalGetLocaleStr
 0001:0001BD34       log2
 0002:000007D4       logdir
 0001:00017C60       LogError
 0001:00017B0C       LogException
 0002:000018B8       logFilename
 0001:00018590       logging
 0002:000008B4       logsave
 0002:000018BC       Log_
 0002:00001690       LongDateFormat
 0002:00001724       LongDayNames
 0002:000016D8       LongMonthNames
 0002:000016A4       LongTimeFormat
 0001:00020E4C       LOS_AllyPlayer
 0001:00020F9C       LOS_extensions
 0001:00020970       LOS_GUIText
 0001:000208D4       LOS_GUIText_SeeCommHealth
 0001:0002090C       LOS_GUIText_Unit_KillsNStuff
 0001:00020894       LOS_GUIText_Unit_Resources
 0001:00020680       LOS_MiniMapUnits
 0001:000207C0       LOS_PlayerSeeUnit
 0001:000205B4       LOS_Radar
 0002:00001958       LOS_Updates_PTR
 0001:00020CD0       LOS_UpdateTables
 0001:00006554       LowerCase
 0002:000008B0       LowerLimit
 0001:00000254       lstrcpyn
 0002:00001820       LVarTypes
 0002:00001824       LVarTypeSync
 0002:0000102C       MainInstance
 0002:00001030       MainThreadID
 0001:00000390       MakeEmpty
 0001:000032A8       MakeErrorMessage
 0001:00018CDC       MakeTempFilename
 0001:0000AC50       MapException
 0002:000007D0       MapFileName
 0002:000018A8       MapFileSetup
 0001:00002F4C       MapToRunError
 0001:0000542C       MapViewOfFile
 0001:00016900       Math
 0001:0001B8FC       MemMappedDataStructure
 0002:00000040       MemoryManager
 0001:000003E0       MergeBlockAfter
 0001:00000EAC       MergeCommit
 0001:000001E4       MessageBox
 0001:000054FC       MessageBox
 0001:00005588       Messages
 0001:0001432C       MMSystem
 0002:000000A8       Module
 0001:00039710       Module32First
 0001:00039744       Module32Next
 0001:0003998C       ModuleInfoComparer
 0002:0000165D       ModuleIsCpp
 0002:0000165C       ModuleIsLib
 0001:00013DB0       ModuleUnload
 0002:0000003C       ModuleUnloadList
 0002:000000F0       MonthDays
 0001:00001834       Move
 0001:0003A288       MultiAILimit
 0001:00000264       MultiByteToWideChar
 0002:00001685       NegCurrFormat
 0001:00000F38       NewCommit
 0001:00000F64       NewCommitAt
 0002:000008C4       NewUnitLimit
 0001:0000B5BC       NextCharIndex
 0002:00000030       NoErrMsg
 0001:00002B04       NotifyAnyExcept
 0001:00002AD8       NotifyExcept
 0001:00002B38       NotifyExceptFinally
 0001:0000490C       NotifyModuleUnload
 0001:00002AB4       NotifyNonDelphiException
 0001:00002AF0       NotifyOnExcept
 0001:00002A98       NotifyReRaise
 0001:00002B60       NotifyTerminate
 0001:00002B7C       NotifyUnhandled
 0001:00008684       Now
 0002:0000032C       NullAsStringValue
 0002:00000328       NullStrictConvert
 0002:000018B0       ObjectsToFree
 0001:00015868       OffsetPtr
 0001:0003AA14       OnFinalize
 0001:00017A54       OnFinalize
 0001:000388CC       OnInit
 0001:0003A738       OnInitialize
 0001:00017A3C       OnInitialize
 0001:00020268       OnInstall
 0001:00039E00       OnInstall
 0001:00039D64       OnInstall
 0001:000397B0       OnInstall
 0001:0003A0B8       OnInstall
 0001:0003A290       OnInstallCobExtensions
 0001:00020E70       OnInstallShareLOS
 0001:00020FB8       OnInstallSpeedHack
 0001:00039F08       OnInstallUnitLimit
 0001:00039E04       OnUninstall
 0001:00020288       OnUnInstall
 0001:000397B4       OnUnInstall
 0001:00039D68       OnUnInstall
 0001:0003A0BC       OnUninstall
 0001:0003A294       OnUninstallCobExtensions
 0001:00020E7C       OnUninstallShareLOS
 0001:00020FC4       OnUninstallSpeedHack
 0001:00039F0C       OnUninstallUnitLimit
 0001:0001B858       OpenMemMap
 0001:00001A28       OpenText
 0002:00001794       OutOfMemory
 0002:00001214       Output
 0001:0002F8AC       OutputInfo
 0001:0001B964       PacketBufferU
 0001:0001E318       packet_old
 0001:00001960       ParamStr
 0001:00016244       ParseParams
 0001:0001E648       PatchNJump
 0001:00039EA8       PauseHandling
 0001:00039F00       PauseLock
 0001:00037320       PlayerDataU
 0002:00001948       PlayerPtr
 0002:00001938       PlayerPtr
 0002:0000195C       PlayerPtr
 0001:00020DEC       Player_SetAlliedState_JumpHook
 0001:00020E04       Player_SetAlliedState_RetHook
 0001:000200FC       PluginCommandHandlerU
 0002:00001928       PluginCommands
 0001:0001F7C0       PluginEngine
 0001:0003A69C       Plugins
 0002:0000190C       Plugins
 0001:000107C4       PointerInModule
 0002:00001A24       proc
 0002:000018D4       proc
 0002:000018A0       Procedures
 0001:00013434       PropValueError
 0002:000000A4       PtrToNil
 0001:000165D8       PtrToStr
 0001:00007A18       PutExponent
 0001:000002CC       QueryPerformanceCounter
 0001:00010F58       QuickSort
 0001:0000ABEC       RaiseAssertException
 0001:0000019C       RaiseException
 0001:00012DF8       RaiseException
 0002:00001014       RaiseExceptionProc
 0001:0000BFA4       RaiseLastOSError
 0001:000019C0       Randomize
 0002:00000008       RandSeed
 0001:0001BED8       ReadError
 0001:00013414       ReadError
 0001:000001A4       ReadFile
 0001:00005434       ReadFile
 0001:00001FD8       ReadLine
 0001:0000543C       ReadProcessMemory
 0002:00001818       RefAnyProc
 0001:00005274       RegCloseKey
 0001:0000026C       RegCloseKey
 0001:0000527C       RegCreateKeyEx
 0001:0001BF34       RegDataToDataType
 0001:00005284       RegFlushKey
 0002:00001858       RegGroups
 0001:00004968       RegisterModule
 0001:0001F3F4       RegisterPlugin
 0001:0001CBAC       Registry
 0001:00000274       RegOpenKeyEx
 0001:0000528C       RegOpenKeyEx
 0001:0000027C       RegQueryValueEx
 0001:00005294       RegQueryValueEx
 0001:0000529C       RegSetValueEx
 0002:0000004C       reMap
 0002:00001614       remBytes
 0001:00000450       RemoveBlock
 0001:000132C4       RemoveFixupReferences
 0001:00013380       RemoveFixups
 0001:00016820       RemoveInvalid
 0001:00004884       RemoveModuleUnloadProc
 0001:000048AC       RemoveModuleUnloadProc
 0001:00005444       ResetEvent
 0001:00020FA4       ResetGameSpeedLimits
 0001:00020E54       ResetShareLosState
 0001:000013EC       ResizeInPlace
 0001:00010BFC       ReturnAddr
 0001:000117E0       ReturnAddr
 0002:00001610       rover
 0001:0000FD10       RTLConsts
 0001:000001AC       RtlUnwind
 0002:00001018       RTLUnwindProc
 0002:00000070       runErrMsg
 0001:0000173C       RunErrorAt
 0001:0000D09C       SafeArrayCreate
 0001:0000D0A4       SafeArrayGetLBound
 0001:0000D0AC       SafeArrayGetUBound
 0001:0000D0B4       SafeArrayPtrOfIndex
 0001:00006614       SameText
 0001:000093DC       ScanBlanks
 0001:00009568       ScanChar
 0001:00009754       ScanDate
 0001:0000941C       ScanNumber
 0001:000094D0       ScanString
 0001:00009AE8       ScanTime
 0001:00009620       ScanToNumber
 0001:00000F98       SearchSmallBlocks
 0001:00018B6C       SelfLocation
 0002:000018D8       SelfLocation_cache
 0001:0000F7B0       SetClearVarToEmptyParam
 0001:000001B4       SetEndOfFile
 0001:0000544C       SetEndOfFile
 0001:00005454       SetEvent
 0001:0000308C       SetExceptionHandler
 0001:000001BC       SetFilePointer
 0001:0000545C       SetFilePointer
 0001:000017C0       SetInOutRes
 0001:00005464       SetLastError
 0001:0001F8BC       SetLongword
 0001:0000F798       SetVarAsError
 0001:0001F8A0       SetWord
 0002:00000814       ShareFlags
 0002:0000015C       ShareMode
 0001:000185D0       SHFolder
 0001:00018598       SHGetFolderPath
 0002:0000168C       ShortDateFormat
 0002:00001708       ShortDayNames
 0002:000016A8       ShortMonthNames
 0002:000016A0       ShortTimeFormat
 0001:0000A658       ShowException
 0001:00020DA8       Signal_AlliedStateChange
 0001:00016754       SimpleCrypt
 0001:00013824       SkipBinary
 0001:00013858       SkipCollection
 0001:000137F8       SkipList
 0001:0000BF9C       Sleep
 0001:0000546C       Sleep
 0002:0000161C       smallTab
 0002:000015E4       spaceRoot
 0001:000211A4       SpeedHack
 0001:000210E4       SpeedState_DecreaseSpeed_Check
 0001:0002111C       SpeedState_IncreaseSpeed_Check
 0001:0002114C       SpeedState_SetSpeed_Check
 0001:0001E678       SpliceInJump
 0002:00001980       StartedFrom
 0002:000008D4       State_COB_extensions
 0002:000008CC       State_MultiAILimit
 0002:000008BC       State_PauseLock
 0002:000008A8       State_SpeedHack
 0002:000008C8       State_UnitLimit
 0001:00035F1C       StatusToStr
 0002:000008C0       StopPauseStateChange
 0001:00007424       StrAlloc
 0001:0000B288       StrByteType
 0001:0000B51C       StrCharLength
 0001:00012C34       StringListCompareStrings
 0001:00016BEC       StripFromString
 0001:00007320       StrLCopy
 0001:000072DC       StrLen
 0001:000078BC       StrLFmt
 0001:00007354       StrLIComp
 0001:000072F4       StrMove
 0001:00007450       StrNew
 0001:0000B550       StrNextChar
 0001:000073D0       StrPos
 0001:00007398       StrScan
 0001:000069B8       StrToInt
 0001:000069F8       StrToIntDef
 0001:00039374       StubCall
 0001:00018964       SupportsCompression
 0002:0000184C       SyncEvent
 0001:00016D3C       SyncHeaders
 0002:000003AC       SyncList
 0001:00014508       SyncObjs
 0001:00000294       SysAllocStringLen
 0001:000058B0       SysConst
 0001:00009DDC       SysErrorMessage
 0001:00001248       SysFreeMem
 0001:000002A4       SysFreeString
 0001:000010B8       SysGetMem
 0001:00005234       SysInit
 0002:00001740       SysLocale
 0001:000015C8       SysReallocMem
 0001:0000029C       SysReAllocStringLen
 0001:00004F9C       System
 0001:0000CB48       SysUtils
 0002:00001914       TAData
 0001:00019148       TADemoConsts
 0002:000018DC       TADemoVersion_cache
 0001:0001FC5C       TAMem.getActualUnitLimit
 0001:0001FC08       TAMem.getGameSpeed
 0001:0001FC88       TAMem.getIsAlteredUnitLimit
 0001:0001FC30       TAMem.getMaxUnitLimit
 0001:0001FCDC       TAMem.getPlayerIndex
 0001:0001FD60       TAMem.GetUnitPtr
 0001:0001FCB4       TAMem.getUnitsPtr
 0001:0001FBE0       TAMem.getViewPLayer
 0001:0001FB48       TAMem.IsTAVersion31
 0001:0001F904       TAMemManipulations
 0001:0001FDBC       TAPlayer.GetAlliedState
 0001:0001FE04       TAPlayer.PlayerType
 0001:0001FE2C       TAUnit.getKills
 0001:0001FE80       TAUnit.GetOwnerIndex
 0001:0001FE58       TAUnit.GetOwnerPtr
 0001:0001FF10       TA_FunctionsU
 0001:0001FED8       TA_MemoryLocations
 0001:000211DC       TA_NetworkingMessages
 0001:0001E7E4       TCodeInjection.Create
 0001:0001E828       TCodeInjection.RestoreProc
 0001:0001ECD0       TCodeInjection_RelativeJmp.Create
 0001:0001ED38       TCodeInjection_RelativeJmp.WriteProc
 0001:0001E968       TCodeInjection_Replacement.WriteProc
 0001:0001EB1C       TCodeInjection_StaticCall.WriteProc
 0001:0001B020       TCommandHandler.Create
 0001:0001B3E4       TCommands.AddCommand
 0001:0001B280       TCommands.AddCommandAlias
 0001:0001B1D8       TCommands.ClearCommands
 0001:0001B0C4       TCommands.Create
 0001:0001B130       TCommands.destroy
 0001:0001B174       TCommands.GetCount
 0001:0001B1A4       TCommands.GetItem
 0001:0001B238       TCommands.LookUpCommand
 0001:000144A8       TCriticalSection.Acquire
 0001:00014418       TCriticalSection.Create
 0001:00014468       TCriticalSection.Destroy
 0001:000144C0       TCriticalSection.Release
 0001:0000F84C       TCustomVariantType.BinaryOp
 0001:0000F858       TCustomVariantType.Cast
 0001:0000F890       TCustomVariantType.CastTo
 0001:0000F91C       TCustomVariantType.CastToOle
 0001:0000F8D8       TCustomVariantType.Compare
 0001:0000F8E4       TCustomVariantType.CompareOp
 0001:0000F958       TCustomVariantType.Destroy
 0001:0000FA38       TCustomVariantType.DispInvoke
 0001:0000F9E4       TCustomVariantType.IsClear
 0001:0000F9E8       TCustomVariantType.LeftPromotion
 0001:0000F9FC       TCustomVariantType.OlePromotion
 0001:0000FA5C       TCustomVariantType.QueryInterface
 0001:0000FA04       TCustomVariantType.RaiseCastError
 0001:0000FA14       TCustomVariantType.RaiseDispError
 0001:0000FA0C       TCustomVariantType.RaiseInvalidOp
 0001:0000FA1C       TCustomVariantType.RightPromotion
 0001:0000FA30       TCustomVariantType.UnaryOp
 0001:0000FA44       TCustomVariantType._AddRef
 0001:0000FA50       TCustomVariantType._Release
 0001:0002AE5C       TDPlay.AddGroupToGroup
 0001:00029ED8       TDPlay.AddPlayerToGroup
 0001:00023DD0       TDPlay.ChatMsgHandler
 0001:00022578       TDPlay.checkForCheats
 0001:0003205C       TDPlay.Close
 0001:00032C64       TDPlay.Create
 0001:0002A83C       TDPlay.CreateGroup
 0001:00029FD8       TDPlay.CreateGroup
 0001:0002AED8       TDPlay.CreateGroupInGroup
 0001:00024A80       TDPlay.createlogfile
 0001:00029F54       TDPlay.CreatePlayer
 0001:0002B4E8       TDPlay.CreatePlayer
 0001:0002AF64       TDPlay.DeleteGroupFromGroup
 0001:0002A058       TDPlay.DeletePlayerFromGroup
 0001:00035D4C       TDPlay.Destroy
 0001:0002A0D4       TDPlay.DestroyGroup
 0001:0002B79C       TDPlay.DestroyPlayer
 0001:000235BC       TDPlay.dobase
 0001:0002A14C       TDPlay.EnableNewPlayers
 0001:0002BBB8       TDPlay.EnumConnections
 0001:0002A1C4       TDPlay.EnumGroupPlayers
 0001:0002A8C4       TDPlay.EnumGroupPlayers
 0001:0002A248       TDPlay.EnumGroups
 0001:0002A94C       TDPlay.EnumGroups
 0001:0002AFE0       TDPlay.EnumGroupsInGroup
 0001:0002B8C0       TDPlay.EnumPlayers
 0001:0002A2CC       TDPlay.EnumPlayers
 0001:0002B980       TDPlay.EnumSessions
 0001:0002A350       TDPlay.EnumSessions
 0001:00031A6C       TDPlay.ExceptMessage
 0001:000327E4       TDPlay.Exiting
 0001:00025C28       TDPlay.facexpshandler
 0001:0002A9D0       TDPlay.GetCaps
 0001:0002A3D8       TDPlay.GetCaps
 0001:0002D298       TDPlay.GetFixFacExps
 0001:00031CFC       TDPlay.GetGoodSource
 0001:0002B068       TDPlay.GetGroupConnectionSettings
 0001:0002AA4C       TDPlay.GetGroupData
 0001:0002B2F0       TDPlay.GetGroupFlags
 0001:0002AAD0       TDPlay.GetGroupName
 0001:0002B36C       TDPlay.GetGroupParent
 0001:0002A450       TDPlay.GetMessageCount
 0001:0002B3E8       TDPlay.GetPlayerAccount
 0001:0002BA04       TDPlay.GetPlayerAddress
 0001:0002A4CC       TDPlay.GetPlayerCaps
 0001:0002AB50       TDPlay.GetPlayerCaps
 0001:0002ABD0       TDPlay.GetPlayerData
 0001:0002B46C       TDPlay.GetPlayerFlags
 0001:0002BCB8       TDPlay.GetPlayerName
 0001:0002A548       TDPlay.GetPlayerName
 0001:0002D2CC       TDPlay.GetProtectDT
 0001:000225AC       TDPlay.GetRandomMap
 0001:00023CD0       TDPlay.getRecorderStatusString
 0001:00031E2C       TDPlay.GetServerPlayer
 0001:0002BAC8       TDPlay.GetSessionDesc
 0001:00025888       TDPlay.Handleunitdata
 0001:00031E70       TDPlay.ImServer
 0001:00022B0C       TDPlay.initbuilding
 0001:00022BA0       TDPlay.initfastbase
 0001:0002A5D0       TDPlay.Initialize
 0001:0002BC3C       TDPlay.InitializeConnection
 0001:00031234       TDPlay.On3dta
 0001:00030108       TDPlay.OnAbout
 0001:0003096C       TDPlay.OnAddFilter
 0001:0002EF90       TDPlay.OnAutoPause
 0001:0002F690       TDPlay.OnBase
 0001:0002EF14       TDPlay.OnBaseOff
 0001:0002F190       TDPlay.OnCmdwarp
 0001:0002FF50       TDPlay.OnCrash
 0001:0002FDCC       TDPlay.OnCrashMe
 0001:000314DC       TDPlay.OnCreatetxt
 0001:0002E04C       TDPlay.OnDate
 0001:000308FC       TDPlay.OnDisableFilter
 0001:0002F744       TDPlay.OnDoBase
 0001:0002D58C       TDPlay.OnEhaoff
 0001:0002D658       TDPlay.OnEhaOn
 0001:0002D7F0       TDPlay.Onehareport
 0001:00031A4C       TDPlay.OnException
 0001:0002F0E0       TDPlay.Onf1off
 0001:00031764       TDPlay.OnFakeWatch
 0001:00030248       TDPlay.OnFixall
 0001:0002D40C       TDPlay.OnFixDisabled
 0001:0002D4CC       TDPlay.OnFixEnabled
 0001:000302B0       TDPlay.OnFixFactoryExplosions
 0001:000317F0       TDPlay.OnForceCd
 0001:0002E40C       TDPlay.OnGive
 0001:0002F9D4       TDPlay.OnHelp
 0001:0002EE24       TDPlay.OnHookReport
 0001:00031580       TDPlay.OnLockOn
 0001:0002FE10       TDPlay.OnLoggingVerbosity
 0001:0003190C       TDPlay.OnLookUpAddr
 0001:00031438       TDPlay.OnOnlyUnits
 0001:0003004C       TDPlay.OnPanic
 0001:0002D970       TDPlay.OnPlayers
 0001:0002DCF0       TDPlay.Onpolldp
 0001:00030398       TDPlay.OnProtectDT
 0001:00031698       TDPlay.OnRandMap
 0001:00030F6C       TDPlay.OnRecord
 0001:00030C50       TDPlay.OnRemoveFilter
 0001:00031D7C       TDPlay.OnRemovePlayer
 0001:0002DF24       TDPlay.OnReport
 0001:00030760       TDPlay.OnReportFilter
 0001:0002D300       TDPlay.OnShareLos
 0001:00030470       TDPlay.OnSharemapPos
 0001:0002FC9C       TDPlay.OnStatus
 0001:0002E548       TDPlay.OnStopGive
 0001:000313EC       TDPlay.OnStopLog
 0001:0002F634       TDPlay.OnSyncOff
 0001:0002F240       TDPlay.OnSyncon
 0001:0002D724       TDPlay.OnTaHookOff
 0001:0002EA28       TDPlay.OnTake
 0001:000305A8       TDPlay.OnTime
 0001:0002E62C       TDPlay.OnUnits
 0001:0002E340       TDPlay.OnVoteGo
 0001:0002E15C       TDPlay.OnVoteReady
 0001:0002FD74       TDPlay.OnYankspank
 0001:00031EA8       TDPlay.Open
 0001:0002A648       TDPlay.Open
 0001:00025FF4       TDPlay.PacketHandler
 0001:00024734       TDPlay.PacketLostHandler
 0001:0002C720       TDPlay.Receive
 0001:0002A6C0       TDPlay.Receive
 0001:0003210C       TDPlay.ResetRecorder
 0001:0002A748       TDPlay.SaveSession
 0001:0002B0EC       TDPlay.SecureOpen
 0001:0002C2D4       TDPlay.Send
 0001:00021F40       TDPlay.SendAlliedChat
 0001:00021A64       TDPlay.SendChat
 0001:00021BA8       TDPlay.SendChatLocal
 0001:00021CD8       TDPlay.SendChatLocal2
 0001:0002B170       TDPlay.SendChatMessage
 0001:000224B0       TDPlay.SendClipboard
 0001:00021D9C       TDPlay.SendLocal
 0001:00021DCC       TDPlay.SendLocal
 0001:000222E8       TDPlay.SendRecorderToRecorderMsg
 0001:00022010       TDPlay.SendRecorderToRecorderMsg2
 0001:00025EF4       TDPlay.SetAutoPauseAtStart
 0001:00025F14       TDPlay.SetCommanderWarp
 0001:00025F50       TDPlay.SetF1Disable
 0001:00025FAC       TDPlay.SetFastSpeed
 0001:0002B1F4       TDPlay.SetGroupConnectionSettings
 0001:0002AC54       TDPlay.SetGroupData
 0001:0002ACD8       TDPlay.SetGroupName
 0001:0002AD58       TDPlay.SetPlayerData
 0001:0002A7BC       TDPlay.SetPlayerName
 0001:0002ADDC       TDPlay.SetPlayerName
 0001:0002BB40       TDPlay.SetSessionDesc
 0001:00025FD0       TDPlay.SetSlowSpeed
 0001:00025F8C       TDPlay.SetSpeedLock
 0001:000254F0       TDPlay.SmartPak
 0001:0002B274       TDPlay.StartSession
 0001:0002466C       TDPlay.UnitCountChange
 0001:00018C3C       TempPath
 0002:0000031C       TerminateProcList
 0002:00001046       Test8086
 0001:0001F7C8       TestByte
 0001:0001F814       TestBytes
 0002:0000194C       TestPlayer
 0002:00001960       TestPlayer
 0002:00001930       TestPlayerIndex
 0002:00001934       TestPlayerPtr
 0001:00001B24       TextClose
 0001:00020E88       TextCommand_View_Hook
 0001:000168C8       textdata
 0001:00019478       TextFileU
 0001:00001A98       TextIn
 0001:00001B44       TextOpen
 0001:00001AD8       TextOut
 0001:00007F5C       TextToFloat
 0001:000130CC       TFileStream.Create
 0001:0001311C       TFileStream.Create
 0001:0001327C       TFileStream.Destroy
 0001:000147BC       TGpHugeFile.AccessFile
 0001:00015660       TGpHugeFile.AllocBuffer
 0001:00014FD0       TGpHugeFile.BlockWrite
 0001:00015BBC       TGpHugeFile.BlockWriteUnsafe
 0001:00014E0C       TGpHugeFile.CheckHandle
 0001:00014D54       TGpHugeFile.Close
 0001:0001464C       TGpHugeFile.CreateEx
 0001:00014704       TGpHugeFile.Destroy
 0001:000154FC       TGpHugeFile.FilePos
 0001:00015EFC       TGpHugeFile.FileSize
 0001:00014E78       TGpHugeFile.FileSizeNoCache
 0001:000155C0       TGpHugeFile.Flush
 0001:00015AF8       TGpHugeFile.FlushBuffer
 0001:00015798       TGpHugeFile.FreeBuffer
 0001:00015F78       TGpHugeFile.InitReadBuffer
 0001:00015F44       TGpHugeFile.InitWriteBuffer
 0001:00015C78       TGpHugeFile.IsOpen
 0001:00015E94       TGpHugeFile.LoadedToTheEOF
 0001:00014A64       TGpHugeFile.ResetEx
 0001:00014BF0       TGpHugeFile.RewriteEx
 0001:00015634       TGpHugeFile.RoundToPageSize
 0001:0001538C       TGpHugeFile.Seek
 0001:00015884       TGpHugeFile.Transmit
 0001:00015410       TGpHugeFile.Truncate
 0001:00015E4C       TGpHugeFile.Win32Check
 0001:00015128       TGpHugeFile._Seek
 0001:00012F88       THandleStream.Create
 0001:00012FD8       THandleStream.Read
 0001:00013048       THandleStream.Seek
 0001:0001309C       THandleStream.SetSize
 0001:0001307C       THandleStream.SetSize
 0001:00013010       THandleStream.Write
 0002:00001686       ThousandSeparator
 0002:00001864       ThreadLock
 0001:0003AC08       threadlogging
 0001:00039DF8       Thread_marshaller
 0001:00015C94       ThrowCase1
 0001:00015D8C       ThrowCase2
 0002:00001698       TimeAMString
 0001:000142E4       timeBeginPeriod
 0001:000142EC       timeGetDevCaps
 0001:000142F4       timeGetTime
 0002:0000169C       TimePMString
 0002:00001694       TimeSeparator
 0001:000093A0       TimeToStr
 0001:00004A38       TInterfacedObject.AfterConstruction
 0001:00004A44       TInterfacedObject.BeforeDestruction
 0001:00004A54       TInterfacedObject.NewInstance
 0001:00004A64       TInterfacedObject.QueryInterface
 0001:00004A8C       TInterfacedObject._AddRef
 0001:00004AA0       TInterfacedObject._Release
 0001:000397A8       TlHelp32
 0001:00010AF0       TList.Add
 0001:00010B48       TList.Clear
 0001:00010B68       TList.Delete
 0001:00010AC4       TList.Destroy
 0001:00010C04       TList.Error
 0001:00010C44       TList.Error
 0001:00011064       TList.Extract
 0001:00010CA4       TList.Get
 0001:00010CEC       TList.Grow
 0001:00010D44       TList.IndexOf
 0001:000110C0       TList.Notify
 0001:00010D90       TList.Put
 0001:00010E20       TList.Remove
 0001:00010E54       TList.SetCapacity
 0001:00010EB0       TList.SetCount
 0001:00011028       TList.Sort
 0001:0003756C       TLobby.Connect
 0001:00038750       TLobby.Create
 0001:0003771C       TLobby.CreateAddress
 0001:00038698       TLobby.CreateCompoundAddress
 0001:000377D0       TLobby.EnumAddress
 0001:0003787C       TLobby.EnumAddressTypes
 0001:0003792C       TLobby.EnumLocalApplications
 0001:000379DC       TLobby.GetConnectionSettings
 0001:00037A8C       TLobby.ReceiveLobbyMessage
 0001:00037C54       TLobby.RunApplication
 0001:000383C0       TLobby.SendLobbyMessage
 0001:00038538       TLobby.SetConnectionSettings
 0001:000385E8       TLobby.SetLobbyMessageEvent
 0001:0001835C       TLog.Add
 0001:000182D8       TLog.Add
 0001:000184D0       TLog.Add
 0001:000181C0       TLog.Add2
 0001:00017DF4       TLog.Create
 0001:000180EC       TLog.Destroy
 0001:00018194       TLog.Flush
 0001:0001BAC8       TLog2.Add
 0001:0001B9D0       TLog2.Create
 0001:0001BCC8       TLog2.Destroy
 0001:0001BAA0       TLog2.Flush
 0001:00005080       TlsAlloc
 0002:0000166C       tlsBuffer
 0001:00005088       TlsFree
 0001:00005090       TlsGetValue
 0002:000000A0       TlsIndex
 0002:FF8C400C       TlsLast
 0002:000000C0       TlsProc
 0001:00005098       TlsSetValue
 0001:000398AC       TModuleInfo.Create
 0001:0000C5C8       TMultiReadExclusiveWriteSynchronizer.BeginRead
 0001:0000C480       TMultiReadExclusiveWriteSynchronizer.BeginWrite
 0001:0000C3F8       TMultiReadExclusiveWriteSynchronizer.BlockReaders
 0001:0000C30C       TMultiReadExclusiveWriteSynchronizer.Create
 0001:0000C39C       TMultiReadExclusiveWriteSynchronizer.Destroy
 0001:0000C650       TMultiReadExclusiveWriteSynchronizer.EndRead
 0001:0000C55C       TMultiReadExclusiveWriteSynchronizer.EndWrite
 0001:0000C428       TMultiReadExclusiveWriteSynchronizer.UnblockOneWriter
 0001:0000C410       TMultiReadExclusiveWriteSynchronizer.UnblockReaders
 0001:0000C440       TMultiReadExclusiveWriteSynchronizer.WaitForReadSignal
 0001:0000C460       TMultiReadExclusiveWriteSynchronizer.WaitForWriteSignal
 0001:000029F0       TObject.AfterConstruction
 0001:000029F4       TObject.BeforeDestruction
 0001:00002750       TObject.ClassName
 0001:00002764       TObject.ClassParent
 0001:00002748       TObject.ClassType
 0001:0000283C       TObject.CleanupInstance
 0001:000027A8       TObject.Create
 0001:000029EC       TObject.DefaultHandler
 0001:000027C8       TObject.Destroy
 0001:000029F8       TObject.Dispatch
 0001:000027D8       TObject.Free
 0001:0000278C       TObject.FreeInstance
 0001:0000288C       TObject.GetInterface
 0001:00002920       TObject.GetInterfaceEntry
 0001:000029D0       TObject.InheritsFrom
 0001:000027E4       TObject.InitInstance
 0001:000027A0       TObject.InstanceSize
 0001:00002770       TObject.NewInstance
 0001:000029E4       TObject.SafeCallException
 0001:00016970       TObjectList.Add
 0001:00016994       TObjectList.Create
 0001:000169E4       TObjectList.Extract
 0001:00016A08       TObjectList.GetItem
 0001:00016A2C       TObjectList.Notify
 0001:00004454       ToLongPath
 0001:0001DD58       TPacket.Compress
 0001:0001CC1C       TPacket.Create
 0001:0001D89C       TPacket.Decompress
 0001:0001D62C       TPacket.Decrypt
 0001:0001D774       TPacket.Encrypt
 0001:0001CD94       TPacket.GetRawData2
 0001:0001CDD0       TPacket.GetTAData
 0001:0001CD58       TPacket.GetTimestamp
 0001:0001CE34       TPacket.PacketLength
 0001:0001CCC8       TPacket.SJCreateNew
 0001:0001D2BC       TPacket.Split2
 0001:00011234       TPersistent.Assign
 0001:00011260       TPersistent.AssignError
 0001:00011338       TPersistent.AssignTo
 0001:00011354       TPersistent.DefineProperties
 0001:000111F8       TPersistent.Destroy
 0001:00011364       TPersistent.GetNamePath
 0001:0001141C       TPersistent.GetOwner
 0001:00035FAC       TPlayerData.Create
 0001:00036138       TPlayerData.IsSelf
 0001:0003620C       TPlayerData.IsServer
 0001:000360C0       TPlayerData.OnPlayerRemoved
 0001:00036608       TPlayers.Add
 0001:00036518       TPlayers.Clear
 0001:00037004       TPlayers.Convert
 0001:00037180       TPlayers.ConvertId
 0001:000362E8       TPlayers.Create
 0001:000364BC       TPlayers.Destroy
 0001:00036BA8       TPlayers.getCount
 0001:00036DC4       TPlayers.GetData_
 0001:00036BC4       TPlayers.Name
 0001:00036C68       TPlayers.Name
 0001:00036B6C       TPlayers.Remove
 0001:0003665C       TPlayers.Remove
 0001:00020024       TPluginCommands.ClearCommands
 0001:0001FF74       TPluginCommands.Create
 0001:0001FFE0       TPluginCommands.destroy
 0001:00020084       TPluginCommands.LookUpCommand
 0001:0001EFD8       TPluginData.create
 0001:0001F144       TPluginData.MakeNOPReplacement
 0001:0001F07C       TPluginData.MakeRelativeJmp
 0001:0001F1E8       TPluginData.MakeReplacement
 0001:0001F0F0       TPluginData.MakeStaticCall
 0001:0001F2A0       TPluginData.NewCodeInjection
 0001:0000A1EC       TranslateDateFormat
 0001:0000DC5C       TranslateResult
 0001:00013444       TReader.CheckValue
 0001:00013474       TReader.EndOfList
 0001:00013498       TReader.NextValue
 0001:000134BC       TReader.Read
 0001:00013508       TReader.ReadBuffer
 0001:0001355C       TReader.ReadListBegin
 0001:00013570       TReader.ReadListEnd
 0001:00013584       TReader.ReadStr
 0001:000135CC       TReader.ReadString
 0001:00013788       TReader.ReadValue
 0001:00013690       TReader.ReadWideString
 0001:00013AB8       TReader.SkipBytes
 0001:00013A68       TReader.SkipProperty
 0001:000137A8       TReader.SkipSetBody
 0001:000138CC       TReader.SkipValue
 0001:000106E8       TRegGroup.Create
 0001:00010770       TRegGroup.Destroy
 0001:000107F4       TRegGroup.UnregisterModuleClasses
 0001:000108D0       TRegGroups.Create
 0001:0001095C       TRegGroups.Destroy
 0001:000109D8       TRegGroups.Lock
 0001:000109F0       TRegGroups.Unlock
 0001:00010A08       TRegGroups.UnregisterModuleClasses
 0001:0001C6E8       TRegIniFile.Create
 0001:0001C734       TRegIniFile.Create
 0001:0001CB18       TRegIniFile.ReadBool
 0001:0001C918       TRegIniFile.ReadInteger
 0001:0001C798       TRegIniFile.ReadString
 0001:0001CA24       TRegIniFile.WriteInteger
 0001:0001C868       TRegIniFile.WriteString
 0001:0001C140       TRegistry.ChangeKey
 0001:0001C0AC       TRegistry.CloseKey
 0001:0001C020       TRegistry.Create
 0001:0001BFC8       TRegistry.Create
 0001:0001C1C8       TRegistry.CreateKey
 0001:0001C070       TRegistry.Destroy
 0001:0001C174       TRegistry.GetBaseKey
 0001:0001C5A4       TRegistry.GetData
 0001:0001C3E4       TRegistry.GetDataInfo
 0001:0001C440       TRegistry.GetDataSize
 0001:0001C648       TRegistry.GetKey
 0001:0001C2AC       TRegistry.OpenKey
 0001:0001C534       TRegistry.PutData
 0001:0001C4A8       TRegistry.ReadString
 0001:0001C1AC       TRegistry.SetCurrentKey
 0001:0001C0F8       TRegistry.SetRootKey
 0001:0001C624       TRegistry.ValueExists
 0001:0001C474       TRegistry.WriteString
 0001:0000673C       Trim
 0001:000067B0       TrimLeft
 0002:00001788       TrueBoolStrs
 0001:0000833C       TryEncodeDate
 0001:000081D4       TryEncodeTime
 0001:00000FC4       TryHarder
 0001:00001F30       TryOpenForInput
 0001:000021D4       TryOpenForOutput
 0001:00006B38       TryStrToBool
 0001:00008168       TryStrToCurr
 0001:00009D48       TryStrToDateTime
 0001:000080D0       TryStrToFloat
 0001:000080F8       TryStrToFloat
 0001:00008130       TryStrToFloat
 0001:00006A28       TryStrToInt
 0001:00009D04       TryStrToTime
 0001:00012D1C       TStream.GetPosition
 0001:00012D44       TStream.GetSize
 0001:00012ED0       TStream.Seek
 0001:00012E44       TStream.Seek
 0001:00012DA0       TStream.SetSize
 0001:00012D90       TStream.SetSize
 0001:00012F40       TStream.WriteBuffer
 0001:000123F4       TStringList.Add
 0001:0001241C       TStringList.AddObject
 0001:00012494       TStringList.Changed
 0001:000124C0       TStringList.Changing
 0001:000124EC       TStringList.Clear
 0001:00012CDC       TStringList.CompareStrings
 0001:00012C8C       TStringList.CustomSort
 0001:00012540       TStringList.Delete
 0001:00012378       TStringList.Destroy
 0001:000125E0       TStringList.Exchange
 0001:0001265C       TStringList.ExchangeItems
 0001:000126C8       TStringList.Find
 0001:00012760       TStringList.Get
 0001:000127AC       TStringList.GetCapacity
 0001:000127C8       TStringList.GetCount
 0001:000127E4       TStringList.GetObject
 0001:0001282C       TStringList.Grow
 0001:00012884       TStringList.IndexOf
 0001:000128D0       TStringList.Insert
 0001:00012960       TStringList.InsertItem
 0001:000128F8       TStringList.InsertObject
 0001:00012A08       TStringList.Put
 0001:00012A80       TStringList.PutObject
 0001:00012ADC       TStringList.QuickSort
 0001:00012BA0       TStringList.SetCapacity
 0001:00012BCC       TStringList.SetSorted
 0001:00012C04       TStringList.SetUpdateState
 0001:00012C70       TStringList.Sort
 0001:00014004       TStringQueue.Clear
 0001:00013F94       TStringQueue.Create
 0001:000141BC       TStringQueue.DeQueue
 0001:00014138       TStringQueue.EnQueue
 0001:00014264       TStringQueue.Examine
 0001:00014028       TStringQueue.Grow
 0001:00011470       TStrings.Add
 0001:000114A0       TStrings.AddObject
 0001:000114D4       TStrings.AddStrings
 0001:00011594       TStrings.Assign
 0001:00011638       TStrings.BeginUpdate
 0001:000122F4       TStrings.CompareStrings
 0001:000116BC       TStrings.DefineProperties
 0001:00011434       TStrings.Destroy
 0001:00011708       TStrings.EndUpdate
 0001:0001172C       TStrings.Equals
 0001:00011828       TStrings.Error
 0001:000117E8       TStrings.Error
 0001:00011888       TStrings.Exchange
 0001:00011974       TStrings.GetCapacity
 0001:00012318       TStrings.GetNameValueSeparator
 0001:00011990       TStrings.GetObject
 0001:000119A8       TStrings.GetText
 0001:00011A04       TStrings.GetTextStr
 0001:00011B4C       TStrings.IndexOf
 0001:00011BD8       TStrings.IndexOfName
 0001:00011CB4       TStrings.IndexOfObject
 0001:00011D00       TStrings.InsertObject
 0001:00011D34       TStrings.LoadFromFile
 0001:00011D90       TStrings.LoadFromStream
 0001:00011E44       TStrings.Move
 0001:00011F00       TStrings.Put
 0001:00011F40       TStrings.PutObject
 0001:00011F54       TStrings.ReadData
 0001:00012004       TStrings.SaveToFile
 0001:00012064       TStrings.SaveToStream
 0001:000120C4       TStrings.SetCapacity
 0001:00012344       TStrings.SetNameValueSeparator
 0001:000120D4       TStrings.SetStringsAdapter
 0001:00012120       TStrings.SetText
 0001:00012178       TStrings.SetTextStr
 0001:00012258       TStrings.SetUpdateState
 0001:00012268       TStrings.WriteData
 0001:00014400       TSynchroObject.Acquire
 0001:0001440C       TSynchroObject.Release
 0001:000191A8       TTextFile.Create_Append
 0001:00019280       TTextFile.Create_Rewrite
 0001:00019340       TTextFile.Destroy
 0001:0001937C       TTextFile.Flush
 0001:000193A4       TTextFile.Writeln
 0001:000110D4       TThreadList.Create
 0001:0001113C       TThreadList.Destroy
 0001:000111B8       TThreadList.LockList
 0001:000111E0       TThreadList.UnlockList
 0001:0000C284       TThreadLocalCounter.Delete
 0001:0000C134       TThreadLocalCounter.Destroy
 0001:0000C1B0       TThreadLocalCounter.HashIndex
 0001:0000C1D4       TThreadLocalCounter.Open
 0001:0000C2A8       TThreadLocalCounter.Recycle
 0002:000000EC       TwoDigitYearCenturyWindow
 0001:00013B14       TWriter.Write
 0001:00013B60       TWriter.WriteBuffer
 0001:00013B8C       TWriter.WriteListBegin
 0001:00013BA0       TWriter.WriteListEnd
 0001:00013BB4       TWriter.WriteMinStr
 0001:00013C64       TWriter.WriteString
 0001:00013CC0       TWriter.WriteValue
 0001:0000526C       Types
 0001:0000FD94       TypInfo
 0001:00017A34       uDebug
 0001:000001C4       UnhandledExceptionFilter
 0001:00004AC8       UnicodeToUtf8
 0001:00000A90       UninitAllocator
 0001:0003A660       UninstallCodeInjections
 0001:0001F620       UnInstallPlugins
 0001:000039BC       UniqueString
 0001:0003A0B0       UnitLimit
 0002:00001944       UnitPtr
 0002:0000189C       Units
 0001:0000CC20       UniUnimplemented
 0001:00004978       UnregisterModule
 0001:00010A74       UnRegisterModuleClasses
 0001:000030AC       UnsetExceptionHandler
 0001:0001E750       UnSpliceJump
 0001:000064E8       UpperCase
 0002:000008AC       Upperlimit
 0002:00000894       UseCompression
 0001:00004D88       UTF8Decode
 0001:00004CDC       UTF8Encode
 0001:00004BA4       Utf8ToUnicode
 0002:00000888       Values
 0002:00000880       Values
 0002:000017AC       VarAdd
 0002:00000014       VarAddRefProc
 0002:000017C4       VarAnd
 0001:0000DFD0       VarArrayClear
 0001:0000E270       VarArrayCopyForEach
 0001:0000DC08       VarArrayCreateError
 0002:000017E8       VarBoolFromStr
 0002:000017F4       VarBstrFromBool
 0002:000017EC       VarBstrFromCy
 0002:000017F0       VarBstrFromDate
 0001:0000DA7C       VarCastError
 0001:0000DA28       VarCastError
 0001:0000E14C       VarClearDeep
 0002:00000010       VarClearProc
 0002:000017D0       VarCmp
 0001:0000E43C       VarCopyCopyProc
 0001:0000E444       VarCopyDeep
 0002:00000018       VarCopyProc
 0002:000017E4       VarCyFromStr
 0002:000017E0       VarDateFromStr
 0002:0000180C       VarDispProc
 0002:000017B8       VarDiv
 0002:000017D4       VarI4FromStr
 0001:0000CBE0       VariantChangeType
 0002:000017A0       VariantChangeTypeEx
 0001:0000CBD0       VariantClear
 0001:0000CBD8       VariantCopy
 0001:0000CBC8       VariantInit
 0001:0000FBB4       Variants
 0002:000017BC       VarIDiv
 0001:0000DB18       VarInvalidOp
 0002:000017C0       VarMod
 0002:000017B4       VarMul
 0002:000017A4       VarNeg
 0002:000017A8       VarNot
 0002:000017C8       VarOr
 0001:0000DB6C       VarOverflowError
 0002:000017D8       VarR4FromStr
 0002:000017DC       VarR8FromStr
 0001:0000DEBC       VarResultCheck
 0001:0000DEB0       VarResultCheck
 0002:000017B0       VarSub
 0001:0000E734       VarToLStrAny
 0001:0000E798       VarToLStrCustom
 0002:0000001C       VarToLStrProc
 0001:0000E668       VarToLStrViaOS
 0001:0000EE18       VarToWStrAny
 0001:0000EE7C       VarToWStrCustom
 0002:00000020       VarToWStrProc
 0001:0000ED60       VarToWStrViaOS
 0001:0000F628       VarTypeAsText
 0001:0000D43C       VarUtils
 0002:000017CC       VarXor
 0001:00006A54       VerifyBoolStrArray
 0001:000054CC       VerQueryValue
 0002:00001970       ViewPlayer
 0001:00005474       VirtualAlloc
 0001:00000310       VirtualAlloc
 0001:00000318       VirtualFree
 0001:0000547C       VirtualFree
 0001:00005484       VirtualLock
 0001:0000548C       VirtualProtect
 0001:0000028C       VirtualQuery
 0001:00005494       VirtualQuery
 0001:0000549C       VirtualUnlock
 0001:000054A4       WaitForSingleObject
 0001:00003610       WCharFromChar
 0002:00000318       WesternGroups
 0001:00000284       WideCharToMultiByte
 0002:000000E4       Win32BuildNumber
 0001:0000C050       Win32Check
 0002:000000E8       Win32CSDVersion
 0002:000000DC       Win32MajorVersion
 0002:000000E0       Win32MinorVersion
 0002:000000D8       Win32Platform
 0001:00005550       Windows
 0001:00003334       WriteErrorMessage
 0001:000054AC       WriteFile
 0001:000001CC       WriteFile
 0001:000054B4       WriteProcessMemory
 0001:00003B28       WStrError
 0001:00003B48       WStrSet
 0002:000019C4       _CreateToolhelp32Snapshot
 0002:000019D0       _Heap32First
 0002:000019C8       _Heap32ListFirst
 0002:000019CC       _Heap32ListNext
 0002:000019D4       _Heap32Next
 0002:000019F4       _Module32First
 0002:000019FC       _Module32FirstW
 0002:000019F8       _Module32Next
 0002:00001A00       _Module32NextW
 0002:000019DC       _Process32First
 0002:000019E4       _Process32FirstW
 0002:000019E0       _Process32Next
 0002:000019E8       _Process32NextW
 0002:000019EC       _Thread32First
 0002:000019F0       _Thread32Next
 0002:000019D8       _Toolhelp32ReadProcessMemory


  Address         Publics by Value

 0002:FF8C400C       TlsLast
 0001:00000174       CloseHandle
 0001:0000017C       CreateFileA
 0001:00000184       GetFileType
 0001:0000018C       GetFileSize
 0001:00000194       GetStdHandle
 0001:0000019C       RaiseException
 0001:000001A4       ReadFile
 0001:000001AC       RtlUnwind
 0001:000001B4       SetEndOfFile
 0001:000001BC       SetFilePointer
 0001:000001C4       UnhandledExceptionFilter
 0001:000001CC       WriteFile
 0001:000001D4       CharNext
 0001:000001DC       ExitProcess
 0001:000001E4       MessageBox
 0001:000001EC       FindClose
 0001:000001F4       FindFirstFile
 0001:000001FC       FreeLibrary
 0001:00000204       GetCommandLine
 0001:0000020C       GetLastError
 0001:00000214       GetLocaleInfo
 0001:0000021C       GetModuleFileName
 0001:00000224       GetModuleHandle
 0001:0000022C       GetProcAddress
 0001:00000234       GetStartupInfo
 0001:0000023C       GetThreadLocale
 0001:00000244       LoadLibraryEx
 0001:0000024C       LoadString
 0001:00000254       lstrcpyn
 0001:0000025C       @strlen
 0001:00000264       MultiByteToWideChar
 0001:0000026C       RegCloseKey
 0001:00000274       RegOpenKeyEx
 0001:0000027C       RegQueryValueEx
 0001:00000284       WideCharToMultiByte
 0001:0000028C       VirtualQuery
 0001:00000294       SysAllocStringLen
 0001:0000029C       SysReAllocStringLen
 0001:000002A4       SysFreeString
 0001:000002AC       InterlockedIncrement
 0001:000002B4       InterlockedDecrement
 0001:000002BC       GetCurrentThreadId
 0001:000002C4       GetVersion
 0001:000002CC       QueryPerformanceCounter
 0001:000002D4       GetTickCount
 0001:000002DC       GetCmdShow
 0001:00000300       LocalAlloc
 0001:00000308       LocalFree
[...]
  3436 0001:00032CB1  3437 0001:00032CBF  3440 0001:00032CDC  3442 0001:00032CEC
  3443 0001:00032D06  3444 0001:00032D20  3445 0001:00032D35

Line numbers for idplay(AddCommands.inc) segment .text

    17 0001:00032D65    21 0001:00032D96    28 0001:00032DC7    31 0001:00032DF8
    34 0001:00032E29    37 0001:00032E5A    40 0001:00032E8B    43 0001:00032EBC
    46 0001:00032EED    49 0001:00032F1E    52 0001:00032F4F    55 0001:00032F83
    58 0001:00032FB7    61 0001:00032FE8    64 0001:00033019    67 0001:0003304A
    70 0001:0003307B    74 0001:000330AC    78 0001:000330DD    81 0001:000330F5
    87 0001:00033126    90 0001:00033157    93 0001:00033188    96 0001:000331B9
   101 0001:000331EA   104 0001:0003321E   107 0001:0003324F   112 0001:00033283
   118 0001:000332B4   126 0001:000332E8   129 0001:00033319   133 0001:0003334A
   137 0001:0003337B   140 0001:000333AC   145 0001:000333DD   148 0001:0003340E
   151 0001:0003343F   154 0001:00033470   157 0001:000334A1   161 0001:000334D5
   164 0001:00033509   167 0001:0003353D   170 0001:0003356E   174 0001:0003359F
   178 0001:000335D0   181 0001:00033601   184 0001:00033632   188 0001:00033666
   192 0001:00033697   197 0001:000336C8   200 0001:000336FC   203 0001:00033730
   206 0001:00033764   210 0001:00033798   214 0001:000337CC   217 0001:000337FD
   221 0001:00033831

Line numbers for idplay(idplay.pas) segment .text

  3452 0001:00033865  3453 0001:000338A5  3456 0001:00035D4C  3457 0001:00035D5D
  3458 0001:00035D67  3459 0001:00035D72  3468 0001:00035D7A  3469 0001:00035D86
  3470 0001:00035D93  3471 0001:00035DA1  3472 0001:00035DAE  3473 0001:00035DBB
  3474 0001:00035DC8  3475 0001:00035DD2  3476 0001:00035DD7  3477 0001:00035DE2
  3478 0001:00035DFE  3480 0001:00035E40  3480 0001:00035E47

Line numbers for PlayerDataU(PlayerDataU.pas) segment .text

   185 0001:00035F1C   186 0001:00035F28   187 0001:00035F37   188 0001:00035F46
   189 0001:00035F55   191 0001:00035F64   193 0001:00035F71   200 0001:00035FAC
   201 0001:00035FC7   202 0001:00035FE1   203 0001:00035FEF   204 0001:00035FF8
   205 0001:0003601D   209 0001:000360C0   210 0001:000360CC   212 0001:000360D8
   213 0001:000360E3   212 0001:00036122   214 0001:00036128   216 0001:00036132
   219 0001:00036138   220 0001:00036141   221 0001:0003615B   222 0001:00036169
   225 0001:0003620C   226 0001:00036216   227 0001:00036230   228 0001:00036246
   237 0001:000362E8   238 0001:00036300   239 0001:0003630A   240 0001:0003631C
   241 0001:0003632E   242 0001:0003633D   243 0001:0003634C   244 0001:0003635B
   245 0001:00036379   246 0001:00036382   247 0001:0003639F   248 0001:000363A8
   250 0001:000363C5   251 0001:000363DE   252 0001:00036404   255 0001:000364BC
   256 0001:000364CD   257 0001:000364D5   258 0001:000364E0   259 0001:000364EB
   260 0001:000364F6   261 0001:00036512   267 0001:00036518   268 0001:00036521
   271 0001:0003652C   272 0001:00036542   273 0001:00036553   275 0001:00036559
   276 0001:00036569   278 0001:00036571   279 0001:0003657F   269 0001:0003658D
   281 0001:00036599   284 0001:000365A4   285 0001:000365BA   286 0001:000365CB
   288 0001:000365D1   289 0001:000365E1   291 0001:000365E9   282 0001:000365F7
   293 0001:00036603   296 0001:00036608   297 0001:00036617   298 0001:0003662D
   299 0001:0003664B   300 0001:00036657   307 0001:0003665C   308 0001:00036684
   309 0001:0003668E   310 0001:0003669C   311 0001:000366A6   312 0001:000366B2
   313 0001:000366BD   314 0001:000366C3   316 0001:000366C4   318 0001:000366E6
   319 0001:000366FC   320 0001:0003675B   321 0001:000367A1   322 0001:000367E1
   323 0001:00036827   325 0001:0003686D   326 0001:000368B3   327 0001:000368F9
   316 0001:000368FC   329 0001:00036905   331 0001:00036920   332 0001:00036942
   331 0001:00036963   334 0001:00036968   335 0001:0003696F   334 0001:000369AA
   336 0001:000369B0   337 0001:000369D0   338 0001:000369ED   339 0001:00036A0D
   340 0001:00036A2D   341 0001:00036A4F   344 0001:00036A71   345 0001:00036A7E
   346 0001:00036A8D   347 0001:00036A9C   349 0001:00036AA9   350 0001:00036AB3
   352 0001:00036AE7   354 0001:00036B1C   360 0001:00036B6C   361 0001:00036B7B
   362 0001:00036B8D   363 0001:00036B93   364 0001:00036BA1   367 0001:00036BA8
   368 0001:00036BB1   369 0001:00036BC0   374 0001:00036BC4   375 0001:00036BD3
   376 0001:00036BD9   377 0001:00036BE8   380 0001:00036BF7   381 0001:00036BF8
   382 0001:00036BFB   383 0001:00036BFE   385 0001:00036BFF   388 0001:00036C1A
   389 0001:00036C28   394 0001:00036C68   395 0001:00036C8E   396 0001:00036C94
   397 0001:00036CA6   401 0001:00036CFD   402 0001:00036CFE   403 0001:00036D01
   404 0001:00036D04   406 0001:00036D05   409 0001:00036D39   410 0001:00036D7E
   415 0001:00036DC4   416 0001:00036DE9   417 0001:00036E03   419 0001:00036E09
   420 0001:00036E15   423 0001:00036E1F   424 0001:00036E2D   431 0001:00036E84
   432 0001:00036E85   433 0001:00036E88   434 0001:00036E8B   436 0001:00036E8C
   439 0001:00036EE1   442 0001:00036EEB   445 0001:00036EF1   446 0001:00036F31
   452 0001:00037004   453 0001:0003702A   455 0001:00037045   456 0001:00037056
   458 0001:00037065   453 0001:00037068   459 0001:0003706E   461 0001:00037074
   463 0001:0003707A   464 0001:00037086   465 0001:00037090   467 0001:00037092
   469 0001:00037098   470 0001:000370A1   473 0001:000370A6   475 0001:000370C1
   476 0001:000370D2   478 0001:000370DD   473 0001:000370E0   479 0001:000370E6
   482 0001:000370EC   483 0001:000370ED   484 0001:000370F0   485 0001:000370F3
   487 0001:000370F4   490 0001:00037131   491 0001:0003715B   501 0001:00037180
   502 0001:000371A6   503 0001:000371C1   505 0001:000371D7   506 0001:000371F3
   507 0001:000371F8   502 0001:000371FB   508 0001:00037201   510 0001:00037207
   512 0001:0003720D   513 0001:00037219   515 0001:0003721F   516 0001:00037234
   519 0001:00037236   521 0001:0003723C   522 0001:00037254   525 0001:00037256
   528 0001:0003725C   529 0001:0003725D   530 0001:00037260   531 0001:00037263
   533 0001:00037264   536 0001:000372A1   537 0001:000372CA   539 0001:00037320
   539 0001:00037327

Line numbers for DPLobbyWrapper(DPLobbyWrapper.pas) segment .text

    47 0001:00037328    63 0001:0003756C    64 0001:00037593    65 0001:000375A1
    66 0001:000375BC    67 0001:000375D0    68 0001:000375E8    69 0001:000375F2
    70 0001:00037609    71 0001:0003761B    74 0001:00037636    76 0001:00037653
    78 0001:0003767D    80 0001:00037680    81 0001:00037688    82 0001:00037690
    85 0001:000376CA    89 0001:0003771C    90 0001:00037725    91 0001:00037733
    92 0001:0003775A    93 0001:0003776E    95 0001:00037793    97 0001:00037796
    98 0001:0003779E   101 0001:000377AB   105 0001:000377D0   106 0001:000377D9
   107 0001:000377E7   108 0001:00037806   109 0001:0003781A   111 0001:0003783F
   113 0001:00037842   114 0001:0003784A   117 0001:00037857   122 0001:0003787C
   123 0001:00037885   124 0001:00037893   125 0001:000378B2   126 0001:000378C6
   128 0001:000378EB   130 0001:000378EE   131 0001:000378F6   134 0001:00037903
   139 0001:0003792C   140 0001:00037935   141 0001:00037943   142 0001:0003795E
   143 0001:00037972   145 0001:00037997   147 0001:0003799A   148 0001:000379A2
   151 0001:000379AF   155 0001:000379DC   156 0001:000379E5   157 0001:000379F3
   158 0001:00037A0E   159 0001:00037A22   161 0001:00037A47   163 0001:00037A4A
   164 0001:00037A52   167 0001:00037A5F   172 0001:00037A8C   173 0001:00037A95
   174 0001:00037AA3   176 0001:00037AC6   177 0001:00037ADA   179 0001:00037AE0
   180 0001:00037AF8   181 0001:00037B12   182 0001:00037B2A   186 0001:00037B46
   187 0001:00037B5A   189 0001:00037B7F   191 0001:00037B82   192 0001:00037B8A
   195 0001:00037B97   199 0001:00037C54   200 0001:00037C72   201 0001:00037C80
   202 0001:00037C9F   203 0001:00037CB3   204 0001:00037CCB   205 0001:00037CE5
   207 0001:00037D00   208 0001:00037D1E   209 0001:00037D3C   210 0001:00037D5A
   211 0001:00037D78   212 0001:00037D96   213 0001:00037DC9   214 0001:00037DE7
   215 0001:00037E05   216 0001:00037E23   218 0001:00037E41   219 0001:00037E74
   221 0001:00037EA7   222 0001:00037EC2   223 0001:00037EDD   225 0001:00037EF8
   226 0001:00037F10   228 0001:00037F35   230 0001:00037F38   231 0001:00037F40
   234 0001:00037F6F   238 0001:000383C0   239 0001:000383C9   240 0001:000383D7
   241 0001:000383F6   242 0001:0003840A   244 0001:00038410   245 0001:00038428
   246 0001:00038440   250 0001:0003845A   251 0001:0003846E   253 0001:00038493
   255 0001:00038496   256 0001:0003849E   259 0001:000384AB   263 0001:00038538
   264 0001:00038541   265 0001:0003854F   266 0001:0003856A   267 0001:0003857E
   269 0001:000385A3   271 0001:000385A6   272 0001:000385AE   275 0001:000385BB
   279 0001:000385E8   280 0001:000385F1   281 0001:000385FF   282 0001:0003861A
   283 0001:0003862E   285 0001:00038653   287 0001:00038656   288 0001:0003865E
   291 0001:0003866B   298 0001:00038698   299 0001:000386A1   300 0001:000386AF
   301 0001:000386CE   302 0001:000386E2   304 0001:00038707   306 0001:0003870A
   307 0001:00038712   310 0001:0003871F   315 0001:00038750   316 0001:00038784
   317 0001:00038792   318 0001:0003879C   319 0001:000387AA   321 0001:000387C7
   322 0001:000387DB   324 0001:00038800   326 0001:00038803   327 0001:0003880B
   330 0001:0003884D   332 0001:0003889C   332 0001:000388A3

Line numbers for Dplayx_exports(Dplayx_exports.pas) segment .text

   117 0001:000388A4   118 0001:000388A8   119 0001:000388C6   122 0001:000388CC
   133 0001:000388D0   135 0001:000388D9   136 0001:000388E2   137 0001:000388EA
   138 0001:000388F3   140 0001:00038909   141 0001:00038910   148 0001:0003893C
   149 0001:00038945   150 0001:0003895F   151 0001:0003896D   152 0001:00038976
   153 0001:0003898B   154 0001:00038994   156 0001:000389A5   157 0001:000389B9
   159 0001:000389DE   161 0001:000389E1   162 0001:000389E9   165 0001:000389F6
   171 0001:00038A34   172 0001:00038A3D   173 0001:00038A57   174 0001:00038A65
   175 0001:00038A6E   176 0001:00038A83   177 0001:00038A8C   179 0001:00038A9D
   180 0001:00038AB1   182 0001:00038AD6   184 0001:00038AD9   185 0001:00038AE1
   188 0001:00038AEE   195 0001:00038B34   196 0001:00038B3D   197 0001:00038B57
   198 0001:00038B65   199 0001:00038B6E   200 0001:00038B83   201 0001:00038B8C
   203 0001:00038B9D   204 0001:00038BB1   206 0001:00038BD6   208 0001:00038BD9
   209 0001:00038BE1   212 0001:00038BEE   220 0001:00038C34   221 0001:00038C57
   222 0001:00038C71   223 0001:00038C7F   224 0001:00038C88   225 0001:00038C9D
   226 0001:00038CA6   227 0001:00038CBB   229 0001:00038CC1   230 0001:00038CD5
   231 0001:00038CED   232 0001:00038CF7   233 0001:00038D1A   237 0001:00038D2B
   238 0001:00038D3F   239 0001:00038D57   240 0001:00038D84   243 0001:00038DA9
   245 0001:00038DAC   246 0001:00038DB4   249 0001:00038DF3   257 0001:00038E9C
   258 0001:00038EBB   259 0001:00038ED5   260 0001:00038EE3   261 0001:00038EEC
   262 0001:00038F01   263 0001:00038F0A   265 0001:00038F27   266 0001:00038F3B
   268 0001:00038F60   270 0001:00038F63   271 0001:00038F6B   274 0001:00038F95
   283 0001:00038FDC   284 0001:00038FFF   285 0001:00039019   286 0001:00039027
   287 0001:00039030   288 0001:00039045   289 0001:0003904E   290 0001:0003906B
   292 0001:00039071   293 0001:00039085   294 0001:0003909D   298 0001:000390A7
   303 0001:000390C9   304 0001:000390DD   305 0001:000390F5   306 0001:00039122
   309 0001:00039147   311 0001:0003914A   312 0001:00039152   315 0001:00039191
   326 0001:00039230   327 0001:00039239   328 0001:00039249   329 0001:00039257
   331 0001:0003925C   332 0001:00039270   334 0001:00039295   336 0001:00039298
   337 0001:000392A0   340 0001:000392AD   343 0001:000392D0   344 0001:000392D9
   345 0001:000392E9   346 0001:000392F7   348 0001:000392FC   349 0001:00039310
   351 0001:00039335   353 0001:00039338   354 0001:00039340   357 0001:0003934D
   363 0001:00039374   365 0001:00039377   367 0001:0003937E   368 0001:00039397
   401 0001:000393B8   401 0001:000393E4   370 0001:000393E8   392 0001:000393F4
   393 0001:000393FD   394 0001:00039407   395 0001:00039410   397 0001:0003941A

Line numbers for TlHelp32(TlHelp32.pas) segment .text

   339 0001:0003941C   340 0001:00039420   342 0001:0003942D   343 0001:0003943C
   345 0001:00039449   346 0001:0003945E   347 0001:00039473   348 0001:00039488
   349 0001:0003949D   350 0001:000394B2   351 0001:000394C7   352 0001:000394DC
   353 0001:000394F1   354 0001:00039506   355 0001:0003951B   356 0001:00039530
   357 0001:00039545   358 0001:0003955A   359 0001:0003956F   360 0001:00039584
   363 0001:00039599   364 0001:000395B7   367 0001:000396DC   368 0001:000396E8
   369 0001:000396F1   370 0001:00039704   371 0001:0003970C   452 0001:00039710
   453 0001:0003971C   454 0001:00039725   455 0001:00039738   456 0001:00039740
   459 0001:00039744   460 0001:00039750   461 0001:00039759   462 0001:0003976C
   463 0001:00039774   479 0001:000397A8   479 0001:000397AF

Line numbers for ErrorLog_ExtraData(plugins\ErrorLog_ExtraData.pas) segment .text

    29 0001:000397B0    33 0001:000397B4    36 0001:000397B8    37 0001:000397BC
    40 0001:000397C5    45 0001:000397E9    53 0001:00039806    54 0001:0003980E
    69 0001:000398AC    70 0001:000398EE    71 0001:000398FC    72 0001:0003990A
    73 0001:0003992E    74 0001:00039937    75 0001:00039985    78 0001:0003998C
    79 0001:00039998    80 0001:000399A6    81 0001:000399AF    82 0001:000399BD
    84 0001:000399C6    85 0001:000399CE   100 0001:000399D4   101 0001:00039A1D
   103 0001:00039A2B   104 0001:00039A3A   105 0001:00039A44   107 0001:00039A52
   110 0001:00039A5C   111 0001:00039A6E   112 0001:00039A7D   113 0001:00039A8E
   115 0001:00039A9C   119 0001:00039AC6   123 0001:00039B23   125 0001:00039B35
   127 0001:00039B42   128 0001:00039B4A   130 0001:00039B6D   131 0001:00039B7B
   133 0001:00039B8F   138 0001:00039C10   128 0001:00039C13   140 0001:00039C1C
   141 0001:00039C28   143 0001:00039C78   147 0001:00039C95   150 0001:00039CB3
   152 0001:00039CF9   156 0001:00039D18   157 0001:00039D19   159 0001:00039D1E
   160 0001:00039D23   161 0001:00039D28   164 0001:00039D5C   164 0001:00039D63

Line numbers for Thread_marshaller(plugins\Thread_marshaller.pas) segment .text

    33 0001:00039D64    37 0001:00039D68    74 0001:00039D6C    75 0001:00039D70
    78 0001:00039D79    91 0001:00039D9F    92 0001:00039DA7    99 0001:00039DF8
    99 0001:00039DFF

Line numbers for PauseLock(plugins\PauseLock.pas) segment .text

    39 0001:00039E00    43 0001:00039E04    46 0001:00039E08    47 0001:00039E0C
    50 0001:00039E1E    55 0001:00039E46    67 0001:00039E63    68 0001:00039E6B
    82 0001:00039EA8    83 0001:00039EAD    84 0001:00039EB0    86 0001:00039EB2
    89 0001:00039EB8    90 0001:00039EBD    94 0001:00039EC2    95 0001:00039EC7
    96 0001:00039ECC    98 0001:00039F00    98 0001:00039F07

Line numbers for UnitLimit(plugins\UnitLimit.pas) segment .text

    68 0001:00039F08    72 0001:00039F0C    77 0001:00039F10    78 0001:00039F29
    80 0001:00039F43    82 0001:00039F4D    86 0001:00039F90    90 0001:00039FAE
    94 0001:00039FCC   101 0001:00039FEC   102 0001:0003A011   104 0001:0003A0B0
   104 0001:0003A0B7

Line numbers for MultiAILimit(plugins\MultiAILimit.pas) segment .text

    32 0001:0003A0B8    36 0001:0003A0BC    64 0001:0003A0D4    65 0001:0003A0DA
    66 0001:0003A0E1    67 0001:0003A14B    68 0001:0003A155    72 0001:0003A15C
    74 0001:0003A163    75 0001:0003A164    76 0001:0003A165    78 0001:0003A166
    81 0001:0003A16B    82 0001:0003A170    83 0001:0003A175    87 0001:0003A178
    88 0001:0003A17C    90 0001:0003A18E    94 0001:0003A1B6    95 0001:0003A1D0
    99 0001:0003A1F1   100 0001:0003A1F9   102 0001:0003A288   102 0001:0003A28F

Line numbers for COB_extensions(plugins\COB_extensions.pas) segment .text

    51 0001:0003A290    55 0001:0003A294    58 0001:0003A298    59 0001:0003A29C
    62 0001:0003A2AE    67 0001:0003A2DA    76 0001:0003A2FB    77 0001:0003A303
    86 0001:0003A340    87 0001:0003A346    88 0001:0003A34B    90 0001:0003A365
    91 0001:0003A3A3    94 0001:0003A3AF    95 0001:0003A3BF    97 0001:0003A3E0
   101 0001:0003A401   105 0001:0003A42C   106 0001:0003A43C   110 0001:0003A45A
   111 0001:0003A46A   112 0001:0003A47A   113 0001:0003A493   117 0001:0003A4BE
   121 0001:0003A4DD   122 0001:0003A4ED   123 0001:0003A4FD   124 0001:0003A50D
   126 0001:0003A51A   128 0001:0003A523   134 0001:0003A52D   148 0001:0003A534
   149 0001:0003A53A   150 0001:0003A53E   151 0001:0003A541   153 0001:0003A542
   154 0001:0003A545   155 0001:0003A548   157 0001:0003A54B   158 0001:0003A54E
   159 0001:0003A550   161 0001:0003A558   165 0001:0003A559   166 0001:0003A55A
   167 0001:0003A55D   169 0001:0003A55F   170 0001:0003A565   171 0001:0003A569
   172 0001:0003A56F   173 0001:0003A575   175 0001:0003A577   176 0001:0003A579
   178 0001:0003A57B   179 0001:0003A581   180 0001:0003A583   182 0001:0003A585
   183 0001:0003A58A   186 0001:0003A58F   187 0001:0003A593   188 0001:0003A594
   189 0001:0003A598   190 0001:0003A599   191 0001:0003A59D   192 0001:0003A59E
   193 0001:0003A5A2   194 0001:0003A5A3   195 0001:0003A5A4   197 0001:0003A5A5
   200 0001:0003A5AA   201 0001:0003A5AB   202 0001:0003A5AE   203 0001:0003A5B1
   205 0001:0003A5E4   205 0001:0003A5EB

Line numbers for Plugins(Plugins.pas) segment .text

    27 0001:0003A5EC    29 0001:0003A5F3    31 0001:0003A5F9    32 0001:0003A603
    35 0001:0003A60D    36 0001:0003A617    37 0001:0003A621    38 0001:0003A62B
    39 0001:0003A635    40 0001:0003A63F    41 0001:0003A649    45 0001:0003A653
    46 0001:0003A65B    49 0001:0003A660    50 0001:0003A663    51 0001:0003A668
    53 0001:0003A69C    53 0001:0003A6A3

Line numbers for InitCode(InitCode.pas) segment .text

    86 0001:0003A6A4    87 0001:0003A6A8    88 0001:0003A6AF    89 0001:0003A6B9
    90 0001:0003A6CB    92 0001:0003A6D5    93 0001:0003A6EC    94 0001:0003A6F5
    96 0001:0003A705   102 0001:0003A738   106 0001:0003A75C   107 0001:0003A76A
   109 0001:0003A774   113 0001:0003A779   117 0001:0003A784   118 0001:0003A78F
   120 0001:0003A798   121 0001:0003A7B5   123 0001:0003A7ED   124 0001:0003A7F7
   126 0001:0003A827   127 0001:0003A831   128 0001:0003A851   129 0001:0003A878
   130 0001:0003A881   131 0001:0003A892   132 0001:0003A89B   135 0001:0003A8AC
   141 0001:0003A8B5   146 0001:0003A8E0   155 0001:0003A8E5   157 0001:0003A908
   159 0001:0003A90B   160 0001:0003A913   163 0001:0003A93F   166 0001:0003AA14
   167 0001:0003AA17   168 0001:0003AA1C   170 0001:0003AA21   172 0001:0003AA2A
   173 0001:0003AA37   176 0001:0003AA40   178 0001:0003AA4A   180 0001:0003AA7C
   181 0001:0003AA88   182 0001:0003AA95   183 0001:0003AAA2

Line numbers for InitCode_CoreExePatching(InitCode_CoreExePatching.pas) segment .text

    50 0001:0003AAA4    51 0001:0003AAAC    53 0001:0003AAB2    54 0001:0003AABC
    56 0001:0003AAC6    71 0001:0003AACC    72 0001:0003AAD3    73 0001:0003AADD
    74 0001:0003AAE7    75 0001:0003AAF5    77 0001:0003AB1C    79 0001:0003AB1F
    80 0001:0003AB27    81 0001:0003AB39    84 0001:0003AB43    88 0001:0003AB4C
    90 0001:0003AB51    91 0001:0003AB56    92 0001:0003AB57    94 0001:0003AB88
    95 0001:0003AB94    96 0001:0003ABA1   100 0001:0003ABAE   101 0001:0003ABB8
   102 0001:0003ABC2   104 0001:0003ABCC   105 0001:0003ABD6

Line numbers for threadlogging(threadlogging.pas) segment .text

   145 0001:0003AC08   145 0001:0003AC0F

Line numbers for dplayx(C:\Users\vThaldren\Desktop\TA-UnofficialBetaPatch-Demo Recorder Xon 545 2006 - MyMod\trunk\src\Recorder\dplayx.dpr) segment .text

    49 0001:0003AE58    50 0001:0003AE68

Bound resource files

dplayx.res
dplayx.drf


Program entry point at 0001:0003AE58
